[1;36m[bench][0m bringing up benchmark stack (disk-profile=local-ssd)…
 Image victoria-lakehouse-benchmark-lakehouse-traces Building 
 Image victoria-lakehouse-benchmark-loki-vl-proxy-lh Building 
 Image victoria-lakehouse-benchmark-datagen-seed Building 
 Image victoria-lakehouse-benchmark-loki-vl-proxy-vl-lh Building 
 Image victoria-lakehouse-benchmark-lakehouse-logs Building 
#1 [internal] load local bake definitions
#1 reading from stdin 3.47kB done
#1 DONE 0.0s

#2 [loki-vl-proxy-lh internal] load build definition from Dockerfile.loki-vl-proxy
#2 transferring dockerfile: 1.83kB done
#2 DONE 0.0s

#3 [lakehouse-logs internal] load build definition from Dockerfile.logs
#3 transferring dockerfile: 2.42kB done
#3 DONE 0.0s

#4 [datagen-seed internal] load build definition from Dockerfile.datagen
#4 transferring dockerfile: 562B done
#4 DONE 0.0s

#5 [lakehouse-traces internal] load build definition from Dockerfile.traces
#5 transferring dockerfile: 3.78kB done
#5 DONE 0.0s

#6 [lakehouse-traces internal] load metadata for docker.io/library/golang:1.26.8-alpine3.23
#6 ...

#7 [loki-vl-proxy-vl-lh internal] load metadata for docker.io/library/alpine:3.21
#7 DONE 0.8s

#8 [loki-vl-proxy-lh internal] load .dockerignore
#8 transferring context: 2B done
#8 DONE 0.0s

#9 [loki-vl-proxy-lh 1/2] FROM docker.io/library/alpine:3.21@sha256:48b0309ca019d89d40f670aa1bc06e426dc0931948452e8491e3d65087abc07d
#9 resolve docker.io/library/alpine:3.21@sha256:48b0309ca019d89d40f670aa1bc06e426dc0931948452e8491e3d65087abc07d done
#9 DONE 0.0s

#10 [loki-vl-proxy-lh 2/2] RUN wget -qO /usr/local/bin/loki-vl-proxy       "https://github.com/ReliablyObserve/loki-vl-proxy/releases/download/v1.58.0/loki-vl-proxy-linux-amd64"     && chmod +x /usr/local/bin/loki-vl-proxy
#10 CACHED

#11 [loki-vl-proxy-vl-lh] exporting to image
#11 exporting layers done
#11 exporting manifest sha256:3ce55dd9a63131ed0a02398a53d914f679848c049f536dd2847d1a189258457b done
#11 exporting config sha256:a75a264c4be9933a3ad64bc02d1e51fc6b3ca5a671dd8a39bf4beb294ca86b2c done
#11 exporting attestation manifest sha256:c2b5fd32cfa3b175487ec1cbec548a34ef0e6963385039cf315381b73da6682d done
#11 exporting manifest list sha256:3552e78b2bb0d635254c70e378655ee88823d0aab1b8fe88a87f032c8cdaa3d6 done
#11 naming to docker.io/library/victoria-lakehouse-benchmark-loki-vl-proxy-vl-lh:latest done
#11 unpacking to docker.io/library/victoria-lakehouse-benchmark-loki-vl-proxy-vl-lh:latest done
#11 DONE 0.0s

#12 [loki-vl-proxy-lh] exporting to image
#12 exporting layers done
#12 exporting manifest sha256:2733d2962a1026ee55c247a65329720d813acfac5968c9c16fecadb5a94f49f1 done
#12 exporting config sha256:1872f717dcca61c763e2c8188c226cd050a99961e89ef3561819c12f112711f9 done
#12 exporting attestation manifest sha256:f0a856fa897f5e7640923549d86cd2a3865cd9a0aa34f8d5be637a5dff6e36d0 done
#12 exporting manifest list sha256:64a2c8794c033263c212cb47c4cd0a173b2b2327761b475399f1d13c77ec5bc1 done
#12 naming to docker.io/library/victoria-lakehouse-benchmark-loki-vl-proxy-lh:latest done
#12 unpacking to docker.io/library/victoria-lakehouse-benchmark-loki-vl-proxy-lh:latest done
#12 DONE 0.0s

#13 [loki-vl-proxy-vl-lh] resolving provenance for metadata file
#13 DONE 0.0s

#14 [loki-vl-proxy-lh] resolving provenance for metadata file
#14 DONE 0.0s

#15 [lakehouse-traces internal] load metadata for gcr.io/distroless/static-debian12:nonroot
#15 DONE 1.0s

#6 [lakehouse-traces internal] load metadata for docker.io/library/golang:1.26.8-alpine3.23
#6 DONE 1.5s

#16 [datagen-seed internal] load .dockerignore
#16 transferring context: 746B done
#16 DONE 0.0s

#17 [datagen-seed stage-1 1/3] FROM gcr.io/distroless/static-debian12:nonroot@sha256:afa5c872c891853ca7fcf1f12c3edb23f7eeef36189728842dd51042ff57f7ab
#17 resolve gcr.io/distroless/static-debian12:nonroot@sha256:afa5c872c891853ca7fcf1f12c3edb23f7eeef36189728842dd51042ff57f7ab done
#17 DONE 0.0s

#18 [lakehouse-traces internal] load build context
#18 transferring context: 1.77MB 0.0s done
#18 DONE 0.1s

#19 [datagen-seed builder  1/10] FROM docker.io/library/golang:1.26.8-alpine3.23@sha256:33ce311e5eecedee48ec1b84419c1306e9fbd71009f0d5c3f2a6904b579c1ecc
#19 resolve docker.io/library/golang:1.26.8-alpine3.23@sha256:33ce311e5eecedee48ec1b84419c1306e9fbd71009f0d5c3f2a6904b579c1ecc done
#19 sha256:51fb0b9b10a77a100f12ca35704e0bf2e54f625945c6087b132491dec45b4ed6 0B / 64.22MB 0.2s
#19 sha256:beec94adeeb663f5c5d9f30adca781b98c20213630a7a36f486c8eed70dbd7b5 0B / 125B 0.2s
#19 sha256:201eabdd8af41dfb6264a978919da90897afd6949704ec0ef47a253f26a2c38f 0B / 247.51kB 0.2s
#19 sha256:51fb0b9b10a77a100f12ca35704e0bf2e54f625945c6087b132491dec45b4ed6 7.34MB / 64.22MB 0.5s
#19 sha256:51fb0b9b10a77a100f12ca35704e0bf2e54f625945c6087b132491dec45b4ed6 16.78MB / 64.22MB 0.6s
#19 sha256:51fb0b9b10a77a100f12ca35704e0bf2e54f625945c6087b132491dec45b4ed6 24.12MB / 64.22MB 0.8s
#19 sha256:51fb0b9b10a77a100f12ca35704e0bf2e54f625945c6087b132491dec45b4ed6 31.46MB / 64.22MB 0.9s
#19 sha256:beec94adeeb663f5c5d9f30adca781b98c20213630a7a36f486c8eed70dbd7b5 125B / 125B 0.7s done
#19 sha256:51fb0b9b10a77a100f12ca35704e0bf2e54f625945c6087b132491dec45b4ed6 38.80MB / 64.22MB 1.1s
#19 sha256:201eabdd8af41dfb6264a978919da90897afd6949704ec0ef47a253f26a2c38f 247.51kB / 247.51kB 0.9s done
#19 extracting sha256:201eabdd8af41dfb6264a978919da90897afd6949704ec0ef47a253f26a2c38f 0.0s done
#19 sha256:51fb0b9b10a77a100f12ca35704e0bf2e54f625945c6087b132491dec45b4ed6 46.14MB / 64.22MB 1.2s
#19 sha256:51fb0b9b10a77a100f12ca35704e0bf2e54f625945c6087b132491dec45b4ed6 53.48MB / 64.22MB 1.4s
#19 sha256:51fb0b9b10a77a100f12ca35704e0bf2e54f625945c6087b132491dec45b4ed6 60.82MB / 64.22MB 1.5s
#19 sha256:51fb0b9b10a77a100f12ca35704e0bf2e54f625945c6087b132491dec45b4ed6 64.22MB / 64.22MB 1.6s done
#19 extracting sha256:51fb0b9b10a77a100f12ca35704e0bf2e54f625945c6087b132491dec45b4ed6
#19 extracting sha256:51fb0b9b10a77a100f12ca35704e0bf2e54f625945c6087b132491dec45b4ed6 1.1s done
#19 extracting sha256:51fb0b9b10a77a100f12ca35704e0bf2e54f625945c6087b132491dec45b4ed6 1.1s done
#19 extracting sha256:beec94adeeb663f5c5d9f30adca781b98c20213630a7a36f486c8eed70dbd7b5 done
#19 extracting sha256:4f4fb700ef54461cfa02571ae0db9a0dc1e0cdb5577484a6d75e68dc38e8acc1 done
#19 DONE 2.7s

#20 [datagen-seed builder  2/10] RUN apk add --no-cache git
#20 1.097 ( 1/12) Installing brotli-libs (1.2.0-r0)
#20 1.189 ( 2/12) Installing c-ares (1.34.8-r0)
#20 1.234 ( 3/12) Installing libunistring (1.4.1-r0)
#20 1.366 ( 4/12) Installing libidn2 (2.3.8-r0)
#20 1.414 ( 5/12) Installing nghttp2-libs (1.69.0-r0)
#20 1.457 ( 6/12) Installing libpsl (0.21.5-r3)
#20 1.499 ( 7/12) Installing zstd-libs (1.5.7-r2)
#20 1.574 ( 8/12) Installing libcurl (8.22.0-r0)
#20 1.646 ( 9/12) Installing libexpat (2.8.4-r0)
#20 1.688 (10/12) Installing pcre2 (10.48-r0)
#20 1.752 (11/12) Installing git (2.52.0-r0)
#20 2.104 (12/12) Installing git-init-template (2.52.0-r0)
#20 2.143 Executing busybox-1.37.0-r30.trigger
#20 2.150 OK: 21.3 MiB in 29 packages
#20 DONE 2.4s

#21 [datagen-seed builder  3/10] WORKDIR /app
#21 DONE 0.0s

#22 [datagen-seed builder  4/10] COPY go.mod go.sum ./
#22 DONE 0.0s

#23 [lakehouse-traces builder  5/14] COPY lakehouse-traces/go.mod lakehouse-traces/go.sum ./lakehouse-traces/
#23 DONE 0.0s

#24 [lakehouse-logs builder  5/10] RUN mkdir -p deps &&     git clone --depth 1 --branch v1.50.0 https://github.com/VictoriaMetrics/VictoriaLogs.git deps/VictoriaLogs &&     go mod download
#24 0.120 Cloning into 'deps/VictoriaLogs'...
#24 ...

#25 [lakehouse-traces builder  6/14] RUN mkdir -p deps lakehouse-traces/deps &&     git clone --depth 1 --branch v1.50.0 https://github.com/VictoriaMetrics/VictoriaLogs.git deps/VictoriaLogs &&     git clone https://github.com/VictoriaMetrics/VictoriaLogs.git /tmp/vl-src &&     cd /tmp/vl-src && git checkout 77df0c04d532 &&     cp -r /tmp/vl-src /app/lakehouse-traces/deps/VictoriaLogs &&     rm -rf /tmp/vl-src &&     cd /app &&     git clone --depth 1 --branch v0.9.2 https://github.com/VictoriaMetrics/VictoriaTraces.git lakehouse-traces/deps/VictoriaTraces &&     cd /app && go mod download &&     cd /app/lakehouse-traces && go mod download
#25 0.116 Cloning into 'deps/VictoriaLogs'...
#25 4.847 warning: refs/tags/v1.50.0 804086be444d5bae008ee538c02a6c45f9da1011 is not a commit!
#25 4.848 Note: switching to '80d223f95f0e1d425658b1869db9c1f738fd5ea5'.
#25 4.848 
#25 4.848 You are in 'detached HEAD' state. You can look around, make experimental
#25 4.848 changes and commit them, and you can discard any commits you make in this
#25 4.848 state without impacting any branches by switching back to a branch.
#25 4.848 
#25 4.848 If you want to create a new branch to retain commits you create, you may
#25 4.848 do so (now or later) by using -c with the switch command. Example:
#25 4.848 
#25 4.848   git switch -c <new-branch-name>
#25 4.848 
#25 4.848 Or undo this operation with:
#25 4.848 
#25 4.848   git switch -
#25 4.848 
#25 4.848 Turn off this advice by setting config variable advice.detachedHead to false
#25 4.848 
#25 5.111 Cloning into '/tmp/vl-src'...
#25 ...

#24 [lakehouse-logs builder  5/10] RUN mkdir -p deps &&     git clone --depth 1 --branch v1.50.0 https://github.com/VictoriaMetrics/VictoriaLogs.git deps/VictoriaLogs &&     go mod download
#24 6.954 warning: refs/tags/v1.50.0 804086be444d5bae008ee538c02a6c45f9da1011 is not a commit!
#24 6.954 Note: switching to '80d223f95f0e1d425658b1869db9c1f738fd5ea5'.
#24 6.954 
#24 6.954 You are in 'detached HEAD' state. You can look around, make experimental
#24 6.954 changes and commit them, and you can discard any commits you make in this
#24 6.954 state without impacting any branches by switching back to a branch.
#24 6.954 
#24 6.954 If you want to create a new branch to retain commits you create, you may
#24 6.954 do so (now or later) by using -c with the switch command. Example:
#24 6.954 
#24 6.954   git switch -c <new-branch-name>
#24 6.954 
#24 6.954 Or undo this operation with:
#24 6.954 
#24 6.954   git switch -
#24 6.954 
#24 6.954 Turn off this advice by setting config variable advice.detachedHead to false
#24 6.954 
#24 ...

#26 [datagen-seed builder 5/7] RUN mkdir -p deps &&     git clone --depth 1 --branch v1.50.0 https://github.com/VictoriaMetrics/VictoriaLogs.git deps/VictoriaLogs &&     go mod download
#26 0.125 Cloning into 'deps/VictoriaLogs'...
#26 4.802 warning: refs/tags/v1.50.0 804086be444d5bae008ee538c02a6c45f9da1011 is not a commit!
#26 4.803 Note: switching to '80d223f95f0e1d425658b1869db9c1f738fd5ea5'.
#26 4.803 
#26 4.803 You are in 'detached HEAD' state. You can look around, make experimental
#26 4.803 changes and commit them, and you can discard any commits you make in this
#26 4.803 state without impacting any branches by switching back to a branch.
#26 4.803 
#26 4.803 If you want to create a new branch to retain commits you create, you may
#26 4.803 do so (now or later) by using -c with the switch command. Example:
#26 4.803 
#26 4.803   git switch -c <new-branch-name>
#26 4.803 
#26 4.803 Or undo this operation with:
#26 4.803 
#26 4.803   git switch -
#26 4.803 
#26 4.803 Turn off this advice by setting config variable advice.detachedHead to false
#26 4.803 
#26 DONE 15.0s

#24 [lakehouse-logs builder  5/10] RUN mkdir -p deps &&     git clone --depth 1 --branch v1.50.0 https://github.com/VictoriaMetrics/VictoriaLogs.git deps/VictoriaLogs &&     go mod download
#24 ...

#27 [datagen-seed builder 6/7] COPY . .
#27 DONE 0.2s

#24 [lakehouse-logs builder  5/10] RUN mkdir -p deps &&     git clone --depth 1 --branch v1.50.0 https://github.com/VictoriaMetrics/VictoriaLogs.git deps/VictoriaLogs &&     go mod download
#24 ...

#28 [datagen-seed builder 7/7] RUN CGO_ENABLED=0 GOWORK=off go build -o /datagen ./cmd/datagen
#28 ...

#24 [lakehouse-logs builder  5/10] RUN mkdir -p deps &&     git clone --depth 1 --branch v1.50.0 https://github.com/VictoriaMetrics/VictoriaLogs.git deps/VictoriaLogs &&     go mod download
#24 DONE 17.3s

#29 [lakehouse-logs builder  6/10] COPY patches/vl-logs/ /tmp/patches/
#29 DONE 0.1s

#30 [lakehouse-logs builder  7/10] RUN cp /tmp/patches/external.go.src deps/VictoriaLogs/app/vlstorage/external.go &&     cp /tmp/patches/external_query.go.src deps/VictoriaLogs/lib/logstorage/external_query.go &&     cd deps/VictoriaLogs && git apply /tmp/patches/vlstorage-dispatch.patch &&     git apply /tmp/patches/vl-export-severity.patch &&     git apply /tmp/patches/vl-export-streamtags-get.patch
#30 DONE 0.1s

#25 [lakehouse-traces builder  6/14] RUN mkdir -p deps lakehouse-traces/deps &&     git clone --depth 1 --branch v1.50.0 https://github.com/VictoriaMetrics/VictoriaLogs.git deps/VictoriaLogs &&     git clone https://github.com/VictoriaMetrics/VictoriaLogs.git /tmp/vl-src &&     cd /tmp/vl-src && git checkout 77df0c04d532 &&     cp -r /tmp/vl-src /app/lakehouse-traces/deps/VictoriaLogs &&     rm -rf /tmp/vl-src &&     cd /app &&     git clone --depth 1 --branch v0.9.2 https://github.com/VictoriaMetrics/VictoriaTraces.git lakehouse-traces/deps/VictoriaTraces &&     cd /app && go mod download &&     cd /app/lakehouse-traces && go mod download
#25 ...

#31 [lakehouse-logs builder  8/10] COPY . .
#31 DONE 0.1s

#32 [lakehouse-logs builder  9/10] RUN cp -r deps/VictoriaLogs/app/vlselect/vmui/* internal/ui/vmui/
#32 DONE 0.1s

#25 [lakehouse-traces builder  6/14] RUN mkdir -p deps lakehouse-traces/deps &&     git clone --depth 1 --branch v1.50.0 https://github.com/VictoriaMetrics/VictoriaLogs.git deps/VictoriaLogs &&     git clone https://github.com/VictoriaMetrics/VictoriaLogs.git /tmp/vl-src &&     cd /tmp/vl-src && git checkout 77df0c04d532 &&     cp -r /tmp/vl-src /app/lakehouse-traces/deps/VictoriaLogs &&     rm -rf /tmp/vl-src &&     cd /app &&     git clone --depth 1 --branch v0.9.2 https://github.com/VictoriaMetrics/VictoriaTraces.git lakehouse-traces/deps/VictoriaTraces &&     cd /app && go mod download &&     cd /app/lakehouse-traces && go mod download
#25 ...

#33 [lakehouse-logs builder 10/10] RUN CGO_ENABLED=0 GOOS=linux GOARCH=arm64     go build -trimpath -ldflags="-s -w -X github.com/VictoriaMetrics/VictoriaMetrics/lib/buildinfo.Version=dev" -o /lakehouse-logs ./cmd/lakehouse-logs &&     mkdir -p /data/lakehouse/cache
#33 ...

#28 [datagen-seed builder 7/7] RUN CGO_ENABLED=0 GOWORK=off go build -o /datagen ./cmd/datagen
#28 DONE 3.2s

#25 [lakehouse-traces builder  6/14] RUN mkdir -p deps lakehouse-traces/deps &&     git clone --depth 1 --branch v1.50.0 https://github.com/VictoriaMetrics/VictoriaLogs.git deps/VictoriaLogs &&     git clone https://github.com/VictoriaMetrics/VictoriaLogs.git /tmp/vl-src &&     cd /tmp/vl-src && git checkout 77df0c04d532 &&     cp -r /tmp/vl-src /app/lakehouse-traces/deps/VictoriaLogs &&     rm -rf /tmp/vl-src &&     cd /app &&     git clone --depth 1 --branch v0.9.2 https://github.com/VictoriaMetrics/VictoriaTraces.git lakehouse-traces/deps/VictoriaTraces &&     cd /app && go mod download &&     cd /app/lakehouse-traces && go mod download
#25 ...

#17 [lakehouse-traces stage-1 1/3] FROM gcr.io/distroless/static-debian12:nonroot@sha256:afa5c872c891853ca7fcf1f12c3edb23f7eeef36189728842dd51042ff57f7ab
#17 CACHED

#17 [datagen-seed stage-1 1/3] FROM gcr.io/distroless/static-debian12:nonroot@sha256:afa5c872c891853ca7fcf1f12c3edb23f7eeef36189728842dd51042ff57f7ab
#17 CACHED

#34 [datagen-seed stage-1 2/2] COPY --from=builder /datagen /usr/local/bin/datagen
#34 DONE 0.0s

#35 [datagen-seed] exporting to image
#35 exporting layers
#35 exporting layers 0.2s done
#35 exporting manifest sha256:4a258adcd4f5028a898c0ef81384c2781c31c2af7167ae895586e4bd559124d0 0.0s done
#35 exporting config sha256:f57ab95d43f224eb45fd6b32530532b19d25cf023ded89217675037513669151 done
#35 exporting attestation manifest sha256:791f30a8e72df785b6b2697574771dcc0cb98390897fd4b4803a4737dcb29d85 done
#35 exporting manifest list sha256:677d7cb8b10f8cf8de604521d0f0d0ff319e49ccff3c80265602e9877a38b4e6 done
#35 naming to docker.io/library/victoria-lakehouse-benchmark-datagen-seed:latest done
#35 unpacking to docker.io/library/victoria-lakehouse-benchmark-datagen-seed:latest 0.0s done
#35 DONE 0.2s

#36 [datagen-seed] resolving provenance for metadata file
#36 DONE 0.0s

#33 [lakehouse-logs builder 10/10] RUN CGO_ENABLED=0 GOOS=linux GOARCH=arm64     go build -trimpath -ldflags="-s -w -X github.com/VictoriaMetrics/VictoriaMetrics/lib/buildinfo.Version=dev" -o /lakehouse-logs ./cmd/lakehouse-logs &&     mkdir -p /data/lakehouse/cache
#33 DONE 7.2s

#25 [lakehouse-traces builder  6/14] RUN mkdir -p deps lakehouse-traces/deps &&     git clone --depth 1 --branch v1.50.0 https://github.com/VictoriaMetrics/VictoriaLogs.git deps/VictoriaLogs &&     git clone https://github.com/VictoriaMetrics/VictoriaLogs.git /tmp/vl-src &&     cd /tmp/vl-src && git checkout 77df0c04d532 &&     cp -r /tmp/vl-src /app/lakehouse-traces/deps/VictoriaLogs &&     rm -rf /tmp/vl-src &&     cd /app &&     git clone --depth 1 --branch v0.9.2 https://github.com/VictoriaMetrics/VictoriaTraces.git lakehouse-traces/deps/VictoriaTraces &&     cd /app && go mod download &&     cd /app/lakehouse-traces && go mod download
#25 ...

#37 [lakehouse-logs stage-1 2/3] COPY --from=builder /lakehouse-logs /usr/local/bin/lakehouse-logs
#37 DONE 0.0s

#38 [lakehouse-logs stage-1 3/3] COPY --from=builder --chown=65532:65532 /data/lakehouse /data/lakehouse
#38 DONE 0.0s

#39 [lakehouse-logs] exporting to image
#39 exporting layers
#39 exporting layers 0.5s done
#39 exporting manifest sha256:4b0994564819c4686ffec08adb7623a6990f93c167dbbfd53fcc19100a31eddc done
#39 exporting config sha256:0f22c3da30cbd9b73899afefe79f332ebd3abc90dffb7a316c67a0ecdec65fc7 done
#39 exporting attestation manifest sha256:e6a90600dfade33b0c1441b943003e240f990c43f90a9f6597084e085945a34d done
#39 exporting manifest list sha256:efca215954c9f0354e54bbdf1454e67605427b884e9f434201bb00558b2cc37e done
#39 naming to docker.io/library/victoria-lakehouse-benchmark-lakehouse-logs:latest done
#39 unpacking to docker.io/library/victoria-lakehouse-benchmark-lakehouse-logs:latest 0.1s done
#39 DONE 0.7s

#40 [lakehouse-logs] resolving provenance for metadata file
#40 DONE 0.0s

#25 [lakehouse-traces builder  6/14] RUN mkdir -p deps lakehouse-traces/deps &&     git clone --depth 1 --branch v1.50.0 https://github.com/VictoriaMetrics/VictoriaLogs.git deps/VictoriaLogs &&     git clone https://github.com/VictoriaMetrics/VictoriaLogs.git /tmp/vl-src &&     cd /tmp/vl-src && git checkout 77df0c04d532 &&     cp -r /tmp/vl-src /app/lakehouse-traces/deps/VictoriaLogs &&     rm -rf /tmp/vl-src &&     cd /app &&     git clone --depth 1 --branch v0.9.2 https://github.com/VictoriaMetrics/VictoriaTraces.git lakehouse-traces/deps/VictoriaTraces &&     cd /app && go mod download &&     cd /app/lakehouse-traces && go mod download
#25 55.69 Note: switching to '77df0c04d532'.
#25 55.69 
#25 55.69 You are in 'detached HEAD' state. You can look around, make experimental
#25 55.69 changes and commit them, and you can discard any commits you make in this
#25 55.69 state without impacting any branches by switching back to a branch.
#25 55.69 
#25 55.69 If you want to create a new branch to retain commits you create, you may
#25 55.69 do so (now or later) by using -c with the switch command. Example:
#25 55.69 
#25 55.69   git switch -c <new-branch-name>
#25 55.69 
#25 55.69 Or undo this operation with:
#25 55.69 
#25 55.69   git switch -
#25 55.69 
#25 55.69 Turn off this advice by setting config variable advice.detachedHead to false
#25 55.69 
#25 55.69 HEAD is now at 77df0c04d deployment: update VictoriaLogs Docker image tag from v1.49.0 to v1.50.0
#25 55.89 Cloning into 'lakehouse-traces/deps/VictoriaTraces'...
#25 58.41 warning: refs/tags/v0.9.2 61b129cfd5332641947712717d89319740062635 is not a commit!
#25 58.41 Note: switching to '2418c96705e72cedcfc348d30bc96fe4fe648661'.
#25 58.41 
#25 58.41 You are in 'detached HEAD' state. You can look around, make experimental
#25 58.41 changes and commit them, and you can discard any commits you make in this
#25 58.41 state without impacting any branches by switching back to a branch.
#25 58.41 
#25 58.41 If you want to create a new branch to retain commits you create, you may
#25 58.41 do so (now or later) by using -c with the switch command. Example:
#25 58.41 
#25 58.41   git switch -c <new-branch-name>
#25 58.41 
#25 58.41 Or undo this operation with:
#25 58.41 
#25 58.41   git switch -
#25 58.41 
#25 58.41 Turn off this advice by setting config variable advice.detachedHead to false
#25 58.41 
#25 DONE 65.0s

#41 [lakehouse-traces builder  7/14] COPY patches/ /tmp/patches/
#41 DONE 0.1s

#42 [lakehouse-traces builder  8/14] RUN cp /tmp/patches/vl-logs/external.go.src deps/VictoriaLogs/app/vlstorage/external.go &&     cp /tmp/patches/vl-logs/external_query.go.src deps/VictoriaLogs/lib/logstorage/external_query.go &&     cd deps/VictoriaLogs && git apply /tmp/patches/vl-logs/vlstorage-dispatch.patch &&     git apply /tmp/patches/vl-logs/vl-export-severity.patch &&     git apply /tmp/patches/vl-logs/vl-export-streamtags-get.patch
#42 DONE 0.1s

#43 [lakehouse-traces builder  9/14] RUN cp /tmp/patches/vl-traces/external.go.src lakehouse-traces/deps/VictoriaLogs/app/vlstorage/external.go &&     cp /tmp/patches/vl-traces/external_query.go.src lakehouse-traces/deps/VictoriaLogs/lib/logstorage/external_query.go &&     cd lakehouse-traces/deps/VictoriaLogs && git apply /tmp/patches/vl-traces/vlstorage-dispatch.patch &&     git apply /tmp/patches/vl-traces/vl-export-severity.patch &&     git apply /tmp/patches/vl-traces/vl-export-streamtags-get.patch
#43 DONE 0.2s

#44 [lakehouse-traces builder 10/14] RUN cp /tmp/patches/vt-traces/external.go.src lakehouse-traces/deps/VictoriaTraces/app/vtstorage/external.go &&     cp /tmp/patches/vt-traces/flag_dedup.go.src lakehouse-traces/deps/VictoriaTraces/app/vtstorage/flag_dedup.go &&     cd lakehouse-traces/deps/VictoriaTraces && git apply /tmp/patches/vt-traces/vtstorage-dispatch.patch &&     git apply /tmp/patches/vt-traces/vtstorage-flag-dedup.patch &&     git apply /tmp/patches/vt-traces/vtinsert-flag-dedup.patch &&     git apply /tmp/patches/vt-traces/go-mod-replace.patch
#44 DONE 0.1s

#45 [lakehouse-traces builder 11/14] COPY . .
#45 DONE 0.1s

#46 [lakehouse-traces builder 12/14] RUN cp -r lakehouse-traces/deps/VictoriaLogs/app/vlselect/vmui/* internal/ui/vmui/
#46 DONE 0.1s

#47 [lakehouse-traces builder 13/14] RUN cd lakehouse-traces &&     CGO_ENABLED=0 GOOS=linux GOARCH=arm64     go build -trimpath -ldflags="-s -w -X github.com/VictoriaMetrics/VictoriaMetrics/lib/buildinfo.Version=dev" -o /lakehouse-traces .
#47 DONE 6.8s

#48 [lakehouse-traces builder 14/14] RUN mkdir -p /data/lakehouse/cache
#48 DONE 0.1s

#49 [lakehouse-traces stage-1 2/3] COPY --from=builder /lakehouse-traces /usr/local/bin/lakehouse-traces
#49 DONE 0.0s

#50 [lakehouse-traces stage-1 3/3] COPY --from=builder --chown=65532:65532 /data/lakehouse /data/lakehouse
#50 DONE 0.0s

#51 [lakehouse-traces] exporting to image
#51 exporting layers
#51 exporting layers 0.5s done
#51 exporting manifest sha256:7096663713c5879ea74a72b7e889c28fccd50f8e1fe6c9341cc1cdbc85faae9b done
#51 exporting config sha256:3b1dc275d3e0b4d11ca2b370bf2be4bb259b131f6d24c6eb647b1313be5f7887 done
#51 exporting attestation manifest sha256:13e85be1661640f49b4aafb110b4b039931b088957cc9a59c69a672aacddc26e done
#51 exporting manifest list sha256:05eae90ffdde31cbfa1c603a272966eff4e313255c567fc11945ef7d64192595 done
#51 naming to docker.io/library/victoria-lakehouse-benchmark-lakehouse-traces:latest done
#51 unpacking to docker.io/library/victoria-lakehouse-benchmark-lakehouse-traces:latest 0.1s done
#51 DONE 0.7s

#52 [lakehouse-traces] resolving provenance for metadata file
#52 DONE 0.0s
 Image victoria-lakehouse-benchmark-loki-vl-proxy-vl-lh Built 
 Image victoria-lakehouse-benchmark-datagen-seed Built 
 Image victoria-lakehouse-benchmark-loki-vl-proxy-lh Built 
 Image victoria-lakehouse-benchmark-lakehouse-logs Built 
 Image victoria-lakehouse-benchmark-lakehouse-traces Built 
 Volume victoria-lakehouse-benchmark_loki-data Creating 
 Volume victoria-lakehouse-benchmark_vl-data Creating 
 Network victoria-lakehouse-benchmark_bench-net Creating 
 Network victoria-lakehouse-benchmark_bench-net Creating 
 Volume victoria-lakehouse-benchmark_loki-data Creating 
 Volume victoria-lakehouse-benchmark_lakehouse-cache-logs Creating 
 Volume victoria-lakehouse-benchmark_lakehouse-cache-logs Creating 
 Volume victoria-lakehouse-benchmark_tempo-data Creating 
 Volume victoria-lakehouse-benchmark_tempo-data Creating 
 Volume victoria-lakehouse-benchmark_vm-data Creating 
 Volume victoria-lakehouse-benchmark_vm-data Creating 
 Volume victoria-lakehouse-benchmark_vt-data Creating 
 Volume victoria-lakehouse-benchmark_vl-data Creating 
 Volume victoria-lakehouse-benchmark_lakehouse-cache-traces Creating 
 Volume victoria-lakehouse-benchmark_lakehouse-cache-traces Creating 
 Volume victoria-lakehouse-benchmark_vt-data Creating 
 Volume victoria-lakehouse-benchmark_loki-data Created 
 Volume victoria-lakehouse-benchmark_loki-data Created 
 Volume victoria-lakehouse-benchmark_lakehouse-cache-logs Created 
 Volume victoria-lakehouse-benchmark_lakehouse-cache-logs Created 
 Volume victoria-lakehouse-benchmark_vt-data Created 
 Volume victoria-lakehouse-benchmark_vt-data Created 
 Volume victoria-lakehouse-benchmark_lakehouse-cache-traces Created 
 Volume victoria-lakehouse-benchmark_lakehouse-cache-traces Created 
 Volume victoria-lakehouse-benchmark_vl-data Created 
 Volume victoria-lakehouse-benchmark_vl-data Created 
 Volume victoria-lakehouse-benchmark_vm-data Created 
 Volume victoria-lakehouse-benchmark_vm-data Created 
 Volume victoria-lakehouse-benchmark_tempo-data Created 
 Volume victoria-lakehouse-benchmark_tempo-data Created 
 Network victoria-lakehouse-benchmark_bench-net Created 
 Network victoria-lakehouse-benchmark_bench-net Created 
 Container victoria-lakehouse-benchmark-victorialogs-1 Creating 
 Container victoria-lakehouse-benchmark-minio-1 Creating 
 Container victoria-lakehouse-benchmark-victoriatraces-1 Creating 
 Container victoria-lakehouse-benchmark-victorialogs-1 Created 
 Container victoria-lakehouse-benchmark-victoriatraces-1 Created 
 Container victoria-lakehouse-benchmark-minio-1 Created 
 Container victoria-lakehouse-benchmark-s3-latency-1 Creating 
 Container victoria-lakehouse-benchmark-minio-init-1 Creating 
 Container victoria-lakehouse-benchmark-s3-latency-1 Created 
 Container victoria-lakehouse-benchmark-minio-init-1 Created 
 Container victoria-lakehouse-benchmark-loki-1 Creating 
 Container victoria-lakehouse-benchmark-lakehouse-traces-1 Creating 
 Container victoria-lakehouse-benchmark-tempo-1 Creating 
 Container victoria-lakehouse-benchmark-clickhouse-1 Creating 
 Container victoria-lakehouse-benchmark-lakehouse-logs-1 Creating 
 Container victoria-lakehouse-benchmark-tempo-1 Created 
 Container victoria-lakehouse-benchmark-lakehouse-traces-1 Created 
 Container victoria-lakehouse-benchmark-lakehouse-logs-1 Created 
 Container victoria-lakehouse-benchmark-victoriametrics-1 Creating 
 Container victoria-lakehouse-benchmark-loki-vl-proxy-lh-1 Creating 
 Container victoria-lakehouse-benchmark-loki-vl-proxy-vl-lh-1 Creating 
 Container victoria-lakehouse-benchmark-loki-1 Created 
 Container victoria-lakehouse-benchmark-datagen-seed-1 Creating 
 Container victoria-lakehouse-benchmark-clickhouse-1 Created 
 Container victoria-lakehouse-benchmark-loki-vl-proxy-vl-lh-1 Created 
 Container victoria-lakehouse-benchmark-loki-vl-proxy-lh-1 Created 
 Container victoria-lakehouse-benchmark-victoriametrics-1 Created 
 Container victoria-lakehouse-benchmark-datagen-seed-1 Created 
 Container victoria-lakehouse-benchmark-victorialogs-1 Starting 
 Container victoria-lakehouse-benchmark-minio-1 Starting 
 Container victoria-lakehouse-benchmark-victoriatraces-1 Starting 
 Container victoria-lakehouse-benchmark-victorialogs-1 Started 
 Container victoria-lakehouse-benchmark-victoriatraces-1 Started 
 Container victoria-lakehouse-benchmark-minio-1 Started 
 Container victoria-lakehouse-benchmark-minio-1 Waiting 
 Container victoria-lakehouse-benchmark-minio-1 Waiting 
 Container victoria-lakehouse-benchmark-minio-1 Healthy 
 Container victoria-lakehouse-benchmark-s3-latency-1 Starting 
 Container victoria-lakehouse-benchmark-minio-1 Healthy 
 Container victoria-lakehouse-benchmark-minio-init-1 Starting 
 Container victoria-lakehouse-benchmark-s3-latency-1 Started 
 Container victoria-lakehouse-benchmark-minio-init-1 Started 
 Container victoria-lakehouse-benchmark-minio-init-1 Waiting 
 Container victoria-lakehouse-benchmark-minio-init-1 Waiting 
 Container victoria-lakehouse-benchmark-s3-latency-1 Waiting 
 Container victoria-lakehouse-benchmark-s3-latency-1 Waiting 
 Container victoria-lakehouse-benchmark-minio-init-1 Waiting 
 Container victoria-lakehouse-benchmark-minio-init-1 Waiting 
 Container victoria-lakehouse-benchmark-minio-init-1 Waiting 
 Container victoria-lakehouse-benchmark-minio-init-1 Exited 
 Container victoria-lakehouse-benchmark-minio-init-1 Exited 
 Container victoria-lakehouse-benchmark-minio-init-1 Exited 
 Container victoria-lakehouse-benchmark-clickhouse-1 Starting 
 Container victoria-lakehouse-benchmark-minio-init-1 Exited 
 Container victoria-lakehouse-benchmark-loki-1 Starting 
 Container victoria-lakehouse-benchmark-minio-init-1 Exited 
 Container victoria-lakehouse-benchmark-tempo-1 Starting 
 Container victoria-lakehouse-benchmark-clickhouse-1 Started 
 Container victoria-lakehouse-benchmark-tempo-1 Started 
 Container victoria-lakehouse-benchmark-loki-1 Started 
 Container victoria-lakehouse-benchmark-s3-latency-1 Healthy 
 Container victoria-lakehouse-benchmark-lakehouse-logs-1 Starting 
 Container victoria-lakehouse-benchmark-s3-latency-1 Healthy 
 Container victoria-lakehouse-benchmark-lakehouse-traces-1 Starting 
 Container victoria-lakehouse-benchmark-lakehouse-logs-1 Started 
 Container victoria-lakehouse-benchmark-lakehouse-logs-1 Waiting 
 Container victoria-lakehouse-benchmark-lakehouse-logs-1 Waiting 
 Container victoria-lakehouse-benchmark-victorialogs-1 Waiting 
 Container victoria-lakehouse-benchmark-lakehouse-logs-1 Waiting 
 Container victoria-lakehouse-benchmark-lakehouse-traces-1 Started 
 Container victoria-lakehouse-benchmark-victoriatraces-1 Waiting 
 Container victoria-lakehouse-benchmark-lakehouse-traces-1 Waiting 
 Container victoria-lakehouse-benchmark-victorialogs-1 Waiting 
 Container victoria-lakehouse-benchmark-lakehouse-logs-1 Waiting 
 Container victoria-lakehouse-benchmark-victorialogs-1 Healthy 
 Container victoria-lakehouse-benchmark-victoriatraces-1 Healthy 
 Container victoria-lakehouse-benchmark-victorialogs-1 Healthy 
 Container victoria-lakehouse-benchmark-lakehouse-logs-1 Healthy 
 Container victoria-lakehouse-benchmark-lakehouse-logs-1 Healthy 
 Container victoria-lakehouse-benchmark-lakehouse-logs-1 Healthy 
 Container victoria-lakehouse-benchmark-loki-vl-proxy-lh-1 Starting 
 Container victoria-lakehouse-benchmark-victoriametrics-1 Starting 
 Container victoria-lakehouse-benchmark-lakehouse-logs-1 Healthy 
 Container victoria-lakehouse-benchmark-loki-vl-proxy-vl-lh-1 Starting 
 Container victoria-lakehouse-benchmark-lakehouse-traces-1 Healthy 
 Container victoria-lakehouse-benchmark-datagen-seed-1 Starting 
 Container victoria-lakehouse-benchmark-loki-vl-proxy-lh-1 Started 
 Container victoria-lakehouse-benchmark-loki-vl-proxy-vl-lh-1 Started 
 Container victoria-lakehouse-benchmark-victoriametrics-1 Started 
 Container victoria-lakehouse-benchmark-datagen-seed-1 Started 
[1;36m[bench][0m waiting for systems to report healthy…
[1;36m[bench][0m waiting for datagen-seed to backfill (~7d of data)…
[1;36m[bench][0m seed done; waiting for LH flush to CONVERGE to the baseline (so we measure equivalent data)…
    logs    baseline=14130    LH=14130    ratio=1.000
[1;36m[bench][0m flush converged (logs): LH=14130 ≈ baseline=14130
    traces  baseline=19052    LH=16668    ratio=0.875
    traces  baseline=19052    LH=16668    ratio=0.875
    traces  baseline=19052    LH=16668    ratio=0.875
    traces  baseline=19052    LH=16668    ratio=0.875
[1;36m[bench][0m flush SETTLED (traces) but LH=16668 is only ratio=0.875 of baseline=19052 — REAL gap, not lag (cells will be flagged ✗ where it matters)
[1;36m[bench][0m sample trace_id for point lookups: d6915bf7bd9a5643dc3d08321af2dd11
[1;36m[bench][0m S3 latency: passthrough (0ms)
[1;36m[bench][0m parity gate (logs, 24h): count_total across systems…
[1;36m[bench][0m req logs/count_total victorialogs POST http://localhost:39401/select/logsql/query?start=1789167459043259904&end=1789253859043259904 body=* | stats count() n
    victorialogs     count=14129
[1;36m[bench][0m parity gate (logs): baseline (victorialogs) = 14129
[1;36m[bench][0m req logs/count_total lakehouse POST http://localhost:39428/select/logsql/query?start=1789167459043259904&end=1789253859043259904 body=* | stats count() n
    lakehouse        count=14129
[1;36m[bench][0m req logs/count_total clickhouse CH http://localhost:38123 body=SELECT count() FROM lakehouse.otel_logs WHERE Timestamp>=fromUnixTimestamp(1789167459) AND Timestamp<fromUnixTimestamp(1789253859)
    clickhouse       count=14129
[1;36m[bench][0m req logs/count_total victorialogs POST http://localhost:39401/select/logsql/query?start=1789250259280214016&end=1789253859280214016 body=* | stats count() n
    logs/count_total/1h/lat0           victorialogs     p95=4.3 ms valid=20/20
[1;36m[bench][0m req logs/count_total lakehouse POST http://localhost:39428/select/logsql/query?start=1789250259280214016&end=1789253859280214016 body=* | stats count() n
    logs/count_total/1h/lat0           lakehouse        p95=6.1 ms valid=20/20
[1;36m[bench][0m req logs/count_total clickhouse CH http://localhost:38123 body=SELECT count() FROM lakehouse.otel_logs WHERE Timestamp>=fromUnixTimestamp(1789250259) AND Timestamp<fromUnixTimestamp(1789253859)
    logs/count_total/1h/lat0           clickhouse       p95=78.0 ms valid=20/20
[1;36m[bench][0m req logs/count_by_service victorialogs POST http://localhost:39401/select/logsql/query?start=1789250262819107072&end=1789253862819107072 body=* | stats by (service.name) count()
    logs/count_by_service/1h/lat0      victorialogs     p95=2.9 ms valid=20/20
[1;36m[bench][0m req logs/count_by_service lakehouse POST http://localhost:39428/select/logsql/query?start=1789250262819107072&end=1789253862819107072 body=* | stats by (service.name) count()
    logs/count_by_service/1h/lat0      lakehouse        p95=6.3 ms valid=20/20
[1;36m[bench][0m req logs/count_by_service clickhouse CH http://localhost:38123 body=SELECT ServiceName,count() FROM lakehouse.otel_logs WHERE Timestamp>=fromUnixTimestamp(1789250262) AND Timestamp<fromUnixTimestamp(1789253862) GROUP BY ServiceName
    logs/count_by_service/1h/lat0      clickhouse       p95=95.0 ms valid=20/20
[1;36m[bench][0m req logs/fulltext victorialogs POST http://localhost:39401/select/logsql/query?start=1789250266929367040&end=1789253866929367040 body=error | stats count() n
    logs/fulltext/1h/lat0              victorialogs     p95=4.8 ms valid=20/20
[1;36m[bench][0m req logs/fulltext lakehouse POST http://localhost:39428/select/logsql/query?start=1789250266929367040&end=1789253866929367040 body=error | stats count() n
    logs/fulltext/1h/lat0              lakehouse        p95=13.6 ms valid=20/20
[1;36m[bench][0m req logs/fulltext clickhouse CH http://localhost:38123 body=SELECT count() FROM lakehouse.otel_logs WHERE Timestamp>=fromUnixTimestamp(1789250266) AND Timestamp<fromUnixTimestamp(1789253866) AND position(Body,'error')>0
    logs/fulltext/1h/lat0              clickhouse       p95=72.8 ms valid=20/20
[1;36m[bench][0m req logs/level_filter victorialogs POST http://localhost:39401/select/logsql/query?start=1789250270527572992&end=1789253870527572992 body=level:ERROR | stats count() n
    logs/level_filter/1h/lat0          victorialogs     p95=2.8 ms valid=20/20
[1;36m[bench][0m req logs/level_filter lakehouse POST http://localhost:39428/select/logsql/query?start=1789250270527572992&end=1789253870527572992 body=level:ERROR | stats count() n
    logs/level_filter/1h/lat0          lakehouse        p95=6.8 ms valid=20/20
[1;36m[bench][0m req logs/level_filter clickhouse CH http://localhost:38123 body=SELECT count() FROM lakehouse.otel_logs WHERE Timestamp>=fromUnixTimestamp(1789250270) AND Timestamp<fromUnixTimestamp(1789253870) AND SeverityText='ERROR'
    logs/level_filter/1h/lat0          clickhouse       p95=102.2 ms valid=20/20
[1;36m[bench][0m req logs/multi_filter victorialogs POST http://localhost:39401/select/logsql/query?start=1789250274207675904&end=1789253874207675904 body=level:ERROR service.name:="api-gateway" | stats count() n
    logs/multi_filter/1h/lat0          victorialogs     p95=5.2 ms valid=20/20
[1;36m[bench][0m req logs/multi_filter lakehouse POST http://localhost:39428/select/logsql/query?start=1789250274207675904&end=1789253874207675904 body=level:ERROR service.name:="api-gateway" | stats count() n
    logs/multi_filter/1h/lat0          lakehouse        p95=8.4 ms valid=20/20
[1;36m[bench][0m req logs/multi_filter clickhouse CH http://localhost:38123 body=SELECT count() FROM lakehouse.otel_logs WHERE Timestamp>=fromUnixTimestamp(1789250274) AND Timestamp<fromUnixTimestamp(1789253874) AND SeverityText='ERROR' AND ServiceName='api-gateway'
    logs/multi_filter/1h/lat0          clickhouse       p95=109.0 ms valid=20/20
[1;36m[bench][0m req logs/negation victorialogs POST http://localhost:39401/select/logsql/query?start=1789250277906337024&end=1789253877906337024 body=-level:INFO | stats count() n
    logs/negation/1h/lat0              victorialogs     p95=2.7 ms valid=20/20
[1;36m[bench][0m req logs/negation lakehouse POST http://localhost:39428/select/logsql/query?start=1789250277906337024&end=1789253877906337024 body=-level:INFO | stats count() n
    logs/negation/1h/lat0              lakehouse        p95=7.0 ms valid=20/20
[1;36m[bench][0m req logs/negation clickhouse CH http://localhost:38123 body=SELECT count() FROM lakehouse.otel_logs WHERE Timestamp>=fromUnixTimestamp(1789250277) AND Timestamp<fromUnixTimestamp(1789253877) AND SeverityText!='INFO'
    logs/negation/1h/lat0              clickhouse       p95=82.6 ms valid=20/20
[1;36m[bench][0m req logs/trace_lookup victorialogs POST http://localhost:39401/select/logsql/query?start=1789250281601879040&end=1789253881601879040 body=trace_id:=d6915bf7bd9a5643dc3d08321af2dd11 | stats count() n
    logs/trace_lookup/1h/lat0          victorialogs     p95=2.4 ms valid=20/20
[1;36m[bench][0m req logs/trace_lookup lakehouse POST http://localhost:39428/select/logsql/query?start=1789250281601879040&end=1789253881601879040 body=trace_id:=d6915bf7bd9a5643dc3d08321af2dd11 | stats count() n
    logs/trace_lookup/1h/lat0          lakehouse        p95=6.4 ms valid=20/20
[1;36m[bench][0m req logs/trace_lookup clickhouse CH http://localhost:38123 body=SELECT count() FROM lakehouse.otel_logs WHERE Timestamp>=fromUnixTimestamp(1789250281) AND Timestamp<fromUnixTimestamp(1789253881) AND TraceId='d6915bf7bd9a5643dc3d08321af2dd11'
    logs/trace_lookup/1h/lat0          clickhouse       p95=92.1 ms valid=20/20
[1;36m[bench][0m req logs/high_card victorialogs POST http://localhost:39401/select/logsql/query?start=1789250285225464064&end=1789253885225464064 body=* | stats by (trace_id) count()
    logs/high_card/1h/lat0             victorialogs     p95=3.7 ms valid=20/20
[1;36m[bench][0m req logs/high_card lakehouse POST http://localhost:39428/select/logsql/query?start=1789250285225464064&end=1789253885225464064 body=* | stats by (trace_id) count()
    logs/high_card/1h/lat0             lakehouse        p95=7.3 ms valid=20/20
[1;36m[bench][0m req logs/high_card clickhouse CH http://localhost:38123 body=SELECT TraceId,count() FROM lakehouse.otel_logs WHERE Timestamp>=fromUnixTimestamp(1789250285) AND Timestamp<fromUnixTimestamp(1789253885) GROUP BY TraceId
    logs/high_card/1h/lat0             clickhouse       p95=101.5 ms valid=20/20
[1;36m[bench][0m req logs/scan victorialogs POST http://localhost:39401/select/logsql/query?start=1789250289306676992&end=1789253889306676992 body=* | fields _msg, service.name | limit 1000
    logs/scan/1h/lat0                  victorialogs     p95=8.9 ms valid=20/20
[1;36m[bench][0m req logs/scan lakehouse POST http://localhost:39428/select/logsql/query?start=1789250289306676992&end=1789253889306676992 body=* | fields _msg, service.name | limit 1000
    logs/scan/1h/lat0                  lakehouse        p95=8.2 ms valid=20/20
[1;36m[bench][0m req logs/scan clickhouse CH http://localhost:38123 body=SELECT Body AS _msg, ServiceName FROM lakehouse.otel_logs WHERE Timestamp>=fromUnixTimestamp(1789250289) AND Timestamp<fromUnixTimestamp(1789253889) LIMIT 1000 FORMAT JSONEachRow
    logs/scan/1h/lat0                  clickhouse       p95=107.4 ms valid=20/20
[1;36m[bench][0m req logs/count_total victorialogs POST http://localhost:39401/select/logsql/query?start=1789167493932308992&end=1789253893932308992 body=* | stats count() n
    logs/count_total/24h/lat0          victorialogs     p95=6.0 ms valid=20/20
[1;36m[bench][0m req logs/count_total lakehouse POST http://localhost:39428/select/logsql/query?start=1789167493932308992&end=1789253893932308992 body=* | stats count() n
    logs/count_total/24h/lat0          lakehouse        p95=22.6 ms valid=20/20
[1;36m[bench][0m req logs/count_total clickhouse CH http://localhost:38123 body=SELECT count() FROM lakehouse.otel_logs WHERE Timestamp>=fromUnixTimestamp(1789167493) AND Timestamp<fromUnixTimestamp(1789253893)
    logs/count_total/24h/lat0          clickhouse       p95=79.7 ms valid=20/20
[1;36m[bench][0m req logs/count_by_service victorialogs POST http://localhost:39401/select/logsql/query?start=1789167497743144960&end=1789253897743144960 body=* | stats by (service.name) count()
    logs/count_by_service/24h/lat0     victorialogs     p95=10.0 ms valid=20/20
[1;36m[bench][0m req logs/count_by_service lakehouse POST http://localhost:39428/select/logsql/query?start=1789167497743144960&end=1789253897743144960 body=* | stats by (service.name) count()
    logs/count_by_service/24h/lat0     lakehouse        p95=14.8 ms valid=20/20
[1;36m[bench][0m req logs/count_by_service clickhouse CH http://localhost:38123 body=SELECT ServiceName,count() FROM lakehouse.otel_logs WHERE Timestamp>=fromUnixTimestamp(1789167497) AND Timestamp<fromUnixTimestamp(1789253897) GROUP BY ServiceName
    logs/count_by_service/24h/lat0     clickhouse       p95=86.4 ms valid=20/20
[1;36m[bench][0m req logs/fulltext victorialogs POST http://localhost:39401/select/logsql/query?start=1789167501945103872&end=1789253901945103872 body=error | stats count() n
    logs/fulltext/24h/lat0             victorialogs     p95=7.8 ms valid=20/20
[1;36m[bench][0m req logs/fulltext lakehouse POST http://localhost:39428/select/logsql/query?start=1789167501945103872&end=1789253901945103872 body=error | stats count() n
    logs/fulltext/24h/lat0             lakehouse        p95=22.6 ms valid=20/20
[1;36m[bench][0m req logs/fulltext clickhouse CH http://localhost:38123 body=SELECT count() FROM lakehouse.otel_logs WHERE Timestamp>=fromUnixTimestamp(1789167501) AND Timestamp<fromUnixTimestamp(1789253901) AND position(Body,'error')>0
    logs/fulltext/24h/lat0             clickhouse       p95=86.8 ms valid=20/20
[1;36m[bench][0m req logs/level_filter victorialogs POST http://localhost:39401/select/logsql/query?start=1789167506048043008&end=1789253906048043008 body=level:ERROR | stats count() n
    logs/level_filter/24h/lat0         victorialogs     p95=5.6 ms valid=20/20
[1;36m[bench][0m req logs/level_filter lakehouse POST http://localhost:39428/select/logsql/query?start=1789167506048043008&end=1789253906048043008 body=level:ERROR | stats count() n
    logs/level_filter/24h/lat0         lakehouse        p95=35.5 ms valid=20/20
[1;36m[bench][0m req logs/level_filter clickhouse CH http://localhost:38123 body=SELECT count() FROM lakehouse.otel_logs WHERE Timestamp>=fromUnixTimestamp(1789167506) AND Timestamp<fromUnixTimestamp(1789253906) AND SeverityText='ERROR'
    logs/level_filter/24h/lat0         clickhouse       p95=88.9 ms valid=20/20
[1;36m[bench][0m req logs/multi_filter victorialogs POST http://localhost:39401/select/logsql/query?start=1789167510264525056&end=1789253910264525056 body=level:ERROR service.name:="api-gateway" | stats count() n
    logs/multi_filter/24h/lat0         victorialogs     p95=9.2 ms valid=20/20
[1;36m[bench][0m req logs/multi_filter lakehouse POST http://localhost:39428/select/logsql/query?start=1789167510264525056&end=1789253910264525056 body=level:ERROR service.name:="api-gateway" | stats count() n
    logs/multi_filter/24h/lat0         lakehouse        p95=27.0 ms valid=20/20
[1;36m[bench][0m req logs/multi_filter clickhouse CH http://localhost:38123 body=SELECT count() FROM lakehouse.otel_logs WHERE Timestamp>=fromUnixTimestamp(1789167510) AND Timestamp<fromUnixTimestamp(1789253910) AND SeverityText='ERROR' AND ServiceName='api-gateway'
    logs/multi_filter/24h/lat0         clickhouse       p95=94.2 ms valid=20/20
[1;36m[bench][0m req logs/negation victorialogs POST http://localhost:39401/select/logsql/query?start=1789167514481357056&end=1789253914481357056 body=-level:INFO | stats count() n
    logs/negation/24h/lat0             victorialogs     p95=7.7 ms valid=20/20
[1;36m[bench][0m req logs/negation lakehouse POST http://localhost:39428/select/logsql/query?start=1789167514481357056&end=1789253914481357056 body=-level:INFO | stats count() n
    logs/negation/24h/lat0             lakehouse        p95=31.6 ms valid=20/20
[1;36m[bench][0m req logs/negation clickhouse CH http://localhost:38123 body=SELECT count() FROM lakehouse.otel_logs WHERE Timestamp>=fromUnixTimestamp(1789167514) AND Timestamp<fromUnixTimestamp(1789253914) AND SeverityText!='INFO'
    logs/negation/24h/lat0             clickhouse       p95=75.3 ms valid=20/20
[1;36m[bench][0m req logs/trace_lookup victorialogs POST http://localhost:39401/select/logsql/query?start=1789167518562537984&end=1789253918562537984 body=trace_id:=d6915bf7bd9a5643dc3d08321af2dd11 | stats count() n
    logs/trace_lookup/24h/lat0         victorialogs     p95=6.7 ms valid=20/20
[1;36m[bench][0m req logs/trace_lookup lakehouse POST http://localhost:39428/select/logsql/query?start=1789167518562537984&end=1789253918562537984 body=trace_id:=d6915bf7bd9a5643dc3d08321af2dd11 | stats count() n
    logs/trace_lookup/24h/lat0         lakehouse        p95=6.6 ms valid=20/20
[1;36m[bench][0m req logs/trace_lookup clickhouse CH http://localhost:38123 body=SELECT count() FROM lakehouse.otel_logs WHERE Timestamp>=fromUnixTimestamp(1789167518) AND Timestamp<fromUnixTimestamp(1789253918) AND TraceId='d6915bf7bd9a5643dc3d08321af2dd11'
    logs/trace_lookup/24h/lat0         clickhouse       p95=74.0 ms valid=20/20
[1;36m[bench][0m req logs/high_card victorialogs POST http://localhost:39401/select/logsql/query?start=1789167522165036032&end=1789253922165036032 body=* | stats by (trace_id) count()
    logs/high_card/24h/lat0            victorialogs     p95=20.5 ms valid=20/20
[1;36m[bench][0m req logs/high_card lakehouse POST http://localhost:39428/select/logsql/query?start=1789167522165036032&end=1789253922165036032 body=* | stats by (trace_id) count()
    logs/high_card/24h/lat0            lakehouse        p95=26.6 ms valid=20/20
[1;36m[bench][0m req logs/high_card clickhouse CH http://localhost:38123 body=SELECT TraceId,count() FROM lakehouse.otel_logs WHERE Timestamp>=fromUnixTimestamp(1789167522) AND Timestamp<fromUnixTimestamp(1789253922) GROUP BY TraceId
    logs/high_card/24h/lat0            clickhouse       p95=87.8 ms valid=20/20
[1;36m[bench][0m req logs/scan victorialogs POST http://localhost:39401/select/logsql/query?start=1789167527372486912&end=1789253927372486912 body=* | fields _msg, service.name | limit 1000
    logs/scan/24h/lat0                 victorialogs     p95=12.1 ms valid=20/20
[1;36m[bench][0m req logs/scan lakehouse POST http://localhost:39428/select/logsql/query?start=1789167527372486912&end=1789253927372486912 body=* | fields _msg, service.name | limit 1000
    logs/scan/24h/lat0                 lakehouse        p95=23.7 ms valid=20/20
[1;36m[bench][0m req logs/scan clickhouse CH http://localhost:38123 body=SELECT Body AS _msg, ServiceName FROM lakehouse.otel_logs WHERE Timestamp>=fromUnixTimestamp(1789167527) AND Timestamp<fromUnixTimestamp(1789253927) LIMIT 1000 FORMAT JSONEachRow
    logs/scan/24h/lat0                 clickhouse       p95=79.4 ms valid=20/20
[1;36m[bench][0m parity gate (traces, 24h): count_total across systems…
[1;36m[bench][0m req traces/count_total victoriatraces POST http://localhost:30401/select/logsql/query?start=1789167533946947072&end=1789253933946947072 body=trace_id:* | stats count() n
    victoriatraces   count=16658
[1;36m[bench][0m parity gate (traces): baseline (victoriatraces) = 16658
[1;36m[bench][0m req traces/count_total lakehouse POST http://localhost:30428/select/logsql/query?start=1789167533946947072&end=1789253933946947072 body=trace_id:* | stats count() n
    lakehouse        count=16658
[1;36m[bench][0m req traces/count_total clickhouse CH http://localhost:38123 body=SELECT count() FROM lakehouse.otel_traces WHERE Timestamp>=fromUnixTimestamp(1789167533) AND Timestamp<fromUnixTimestamp(1789253933)
    clickhouse       count=16658
[1;36m[bench][0m req traces/count_total victoriatraces POST http://localhost:30401/select/logsql/query?start=1789250334191920128&end=1789253934191920128 body=trace_id:* | stats count() n
    traces/count_total/1h/lat0         victoriatraces   p95=3.1 ms valid=20/20
[1;36m[bench][0m req traces/count_total lakehouse POST http://localhost:30428/select/logsql/query?start=1789250334191920128&end=1789253934191920128 body=trace_id:* | stats count() n
    traces/count_total/1h/lat0         lakehouse        p95=5.0 ms valid=20/20
[1;36m[bench][0m req traces/count_total clickhouse CH http://localhost:38123 body=SELECT count() FROM lakehouse.otel_traces WHERE Timestamp>=fromUnixTimestamp(1789250334) AND Timestamp<fromUnixTimestamp(1789253934)
    traces/count_total/1h/lat0         clickhouse       p95=150.6 ms valid=20/20
[1;36m[bench][0m req traces/count_by_service victoriatraces POST http://localhost:30401/select/logsql/query?start=1789250338175580928&end=1789253938175580928 body=trace_id:* | stats by (`resource_attr:service.name`) count() as n
    traces/count_by_service/1h/lat0    victoriatraces   p95=4.8 ms valid=20/20
[1;36m[bench][0m req traces/count_by_service lakehouse POST http://localhost:30428/select/logsql/query?start=1789250338175580928&end=1789253938175580928 body=trace_id:* | stats by (`resource_attr:service.name`) count() as n
    traces/count_by_service/1h/lat0    lakehouse        p95=4.4 ms valid=20/20
[1;36m[bench][0m req traces/count_by_service clickhouse CH http://localhost:38123 body=SELECT ServiceName,count() FROM lakehouse.otel_traces WHERE Timestamp>=fromUnixTimestamp(1789250338) AND Timestamp<fromUnixTimestamp(1789253938) GROUP BY ServiceName
    traces/count_by_service/1h/lat0    clickhouse       p95=112.8 ms valid=20/20
[1;36m[bench][0m req traces/service_filter victoriatraces POST http://localhost:30401/select/logsql/query?start=1789250342532763904&end=1789253942532763904 body=`resource_attr:service.name`:="api-gateway" | stats count() as n
    traces/service_filter/1h/lat0      victoriatraces   p95=3.3 ms valid=20/20
[1;36m[bench][0m req traces/service_filter lakehouse POST http://localhost:30428/select/logsql/query?start=1789250342532763904&end=1789253942532763904 body=`resource_attr:service.name`:="api-gateway" | stats count() as n
    traces/service_filter/1h/lat0      lakehouse        p95=3.9 ms valid=20/20
[1;36m[bench][0m req traces/service_filter clickhouse CH http://localhost:38123 body=SELECT count() FROM lakehouse.otel_traces WHERE Timestamp>=fromUnixTimestamp(1789250342) AND Timestamp<fromUnixTimestamp(1789253942) AND ServiceName='api-gateway'
    traces/service_filter/1h/lat0      clickhouse       p95=90.1 ms valid=20/20
[1;36m[bench][0m req traces/trace_by_id victoriatraces POST http://localhost:30401/select/logsql/query?start=1789250346367427072&end=1789253946367427072 body=trace_id:=d6915bf7bd9a5643dc3d08321af2dd11 | stats count() n
    traces/trace_by_id/1h/lat0         victoriatraces   p95=1.3 ms valid=20/20
[1;36m[bench][0m req traces/trace_by_id lakehouse POST http://localhost:30428/select/logsql/query?start=1789250346367427072&end=1789253946367427072 body=trace_id:=d6915bf7bd9a5643dc3d08321af2dd11 | stats count() n
    traces/trace_by_id/1h/lat0         lakehouse        p95=5.4 ms valid=20/20
[1;36m[bench][0m req traces/trace_by_id clickhouse CH http://localhost:38123 body=SELECT count() FROM lakehouse.otel_traces WHERE Timestamp>=fromUnixTimestamp(1789250346) AND Timestamp<fromUnixTimestamp(1789253946) AND TraceId='d6915bf7bd9a5643dc3d08321af2dd11'
    traces/trace_by_id/1h/lat0         clickhouse       p95=94.9 ms valid=20/20
[1;36m[bench][0m req traces/span_name victoriatraces POST http://localhost:30401/select/logsql/query?start=1789250350133315072&end=1789253950133315072 body=name:="HTTP GET /api/v1/users" | stats count() as n
    traces/span_name/1h/lat0           victoriatraces   p95=2.6 ms valid=20/20
[1;36m[bench][0m req traces/span_name lakehouse POST http://localhost:30428/select/logsql/query?start=1789250350133315072&end=1789253950133315072 body=name:="HTTP GET /api/v1/users" | stats count() as n
    traces/span_name/1h/lat0           lakehouse        p95=9.8 ms valid=20/20
[1;36m[bench][0m req traces/span_name clickhouse CH http://localhost:38123 body=SELECT count() FROM lakehouse.otel_traces WHERE Timestamp>=fromUnixTimestamp(1789250350) AND Timestamp<fromUnixTimestamp(1789253950) AND SpanName='HTTP GET /api/v1/users'
    traces/span_name/1h/lat0           clickhouse       p95=115.7 ms valid=20/20
[1;36m[bench][0m req traces/slow_spans victoriatraces POST http://localhost:30401/select/logsql/query?start=1789250354186992128&end=1789253954186992128 body=trace_id:* duration:>50000000 | stats count() as n
    traces/slow_spans/1h/lat0          victoriatraces   p95=2.5 ms valid=20/20
[1;36m[bench][0m req traces/slow_spans lakehouse POST http://localhost:30428/select/logsql/query?start=1789250354186992128&end=1789253954186992128 body=trace_id:* duration:>50000000 | stats count() as n
    traces/slow_spans/1h/lat0          lakehouse        p95=5.2 ms valid=20/20
[1;36m[bench][0m req traces/slow_spans clickhouse CH http://localhost:38123 body=SELECT count() FROM lakehouse.otel_traces WHERE Timestamp>=fromUnixTimestamp(1789250354) AND Timestamp<fromUnixTimestamp(1789253954) AND Duration>50000000
    traces/slow_spans/1h/lat0          clickhouse       p95=92.1 ms valid=20/20
[1;36m[bench][0m req traces/scan victoriatraces POST http://localhost:30401/select/logsql/query?start=1789250358081085952&end=1789253958081085952 body=trace_id:* | fields trace_id, span_id, name, `resource_attr:service.name`, duration | limit 1000
    traces/scan/1h/lat0                victoriatraces   p95=3.3 ms valid=20/20
[1;36m[bench][0m req traces/scan lakehouse POST http://localhost:30428/select/logsql/query?start=1789250358081085952&end=1789253958081085952 body=trace_id:* | fields trace_id, span_id, name, `resource_attr:service.name`, duration | limit 1000
    traces/scan/1h/lat0                lakehouse        p95=7.1 ms valid=20/20
[1;36m[bench][0m req traces/scan clickhouse CH http://localhost:38123 body=SELECT TraceId AS trace_id, SpanId AS span_id, SpanName, ServiceName, Duration FROM lakehouse.otel_traces WHERE Timestamp>=fromUnixTimestamp(1789250358) AND Timestamp<fromUnixTimestamp(1789253958) LIMIT 1000 FORMAT JSONEachRow
    traces/scan/1h/lat0                clickhouse       p95=112.4 ms valid=20/20
[1;36m[bench][0m req traces/count_total victoriatraces POST http://localhost:30401/select/logsql/query?start=1789167562693065984&end=1789253962693065984 body=trace_id:* | stats count() n
    traces/count_total/24h/lat0        victoriatraces   p95=3.4 ms valid=20/20
[1;36m[bench][0m req traces/count_total lakehouse POST http://localhost:30428/select/logsql/query?start=1789167562693065984&end=1789253962693065984 body=trace_id:* | stats count() n
    traces/count_total/24h/lat0        lakehouse        p95=11.0 ms valid=20/20
[1;36m[bench][0m req traces/count_total clickhouse CH http://localhost:38123 body=SELECT count() FROM lakehouse.otel_traces WHERE Timestamp>=fromUnixTimestamp(1789167562) AND Timestamp<fromUnixTimestamp(1789253962)
    traces/count_total/24h/lat0        clickhouse       p95=96.0 ms valid=20/20
[1;36m[bench][0m req traces/count_by_service victoriatraces POST http://localhost:30401/select/logsql/query?start=1789167566672553984&end=1789253966672553984 body=trace_id:* | stats by (`resource_attr:service.name`) count() as n
    traces/count_by_service/24h/lat0   victoriatraces   p95=3.3 ms valid=20/20
[1;36m[bench][0m req traces/count_by_service lakehouse POST http://localhost:30428/select/logsql/query?start=1789167566672553984&end=1789253966672553984 body=trace_id:* | stats by (`resource_attr:service.name`) count() as n
    traces/count_by_service/24h/lat0   lakehouse        p95=12.5 ms valid=20/20
[1;36m[bench][0m req traces/count_by_service clickhouse CH http://localhost:38123 body=SELECT ServiceName,count() FROM lakehouse.otel_traces WHERE Timestamp>=fromUnixTimestamp(1789167566) AND Timestamp<fromUnixTimestamp(1789253966) GROUP BY ServiceName
    traces/count_by_service/24h/lat0   clickhouse       p95=107.6 ms valid=20/20
[1;36m[bench][0m req traces/service_filter victoriatraces POST http://localhost:30401/select/logsql/query?start=1789167571229790976&end=1789253971229790976 body=`resource_attr:service.name`:="api-gateway" | stats count() as n
    traces/service_filter/24h/lat0     victoriatraces   p95=2.9 ms valid=20/20
[1;36m[bench][0m req traces/service_filter lakehouse POST http://localhost:30428/select/logsql/query?start=1789167571229790976&end=1789253971229790976 body=`resource_attr:service.name`:="api-gateway" | stats count() as n
    traces/service_filter/24h/lat0     lakehouse        p95=9.2 ms valid=20/20
[1;36m[bench][0m req traces/service_filter clickhouse CH http://localhost:38123 body=SELECT count() FROM lakehouse.otel_traces WHERE Timestamp>=fromUnixTimestamp(1789167571) AND Timestamp<fromUnixTimestamp(1789253971) AND ServiceName='api-gateway'
    traces/service_filter/24h/lat0     clickhouse       p95=107.3 ms valid=20/20
[1;36m[bench][0m req traces/trace_by_id victoriatraces POST http://localhost:30401/select/logsql/query?start=1789167575214124032&end=1789253975214124032 body=trace_id:=d6915bf7bd9a5643dc3d08321af2dd11 | stats count() n
    traces/trace_by_id/24h/lat0        victoriatraces   p95=2.9 ms valid=20/20
[1;36m[bench][0m req traces/trace_by_id lakehouse POST http://localhost:30428/select/logsql/query?start=1789167575214124032&end=1789253975214124032 body=trace_id:=d6915bf7bd9a5643dc3d08321af2dd11 | stats count() n
    traces/trace_by_id/24h/lat0        lakehouse        p95=6.2 ms valid=20/20
[1;36m[bench][0m req traces/trace_by_id clickhouse CH http://localhost:38123 body=SELECT count() FROM lakehouse.otel_traces WHERE Timestamp>=fromUnixTimestamp(1789167575) AND Timestamp<fromUnixTimestamp(1789253975) AND TraceId='d6915bf7bd9a5643dc3d08321af2dd11'
    traces/trace_by_id/24h/lat0        clickhouse       p95=85.5 ms valid=20/20
[1;36m[bench][0m req traces/span_name victoriatraces POST http://localhost:30401/select/logsql/query?start=1789167578950724096&end=1789253978950724096 body=name:="HTTP GET /api/v1/users" | stats count() as n
    traces/span_name/24h/lat0          victoriatraces   p95=4.4 ms valid=20/20
[1;36m[bench][0m req traces/span_name lakehouse POST http://localhost:30428/select/logsql/query?start=1789167578950724096&end=1789253978950724096 body=name:="HTTP GET /api/v1/users" | stats count() as n
    traces/span_name/24h/lat0          lakehouse        p95=8.6 ms valid=20/20
[1;36m[bench][0m req traces/span_name clickhouse CH http://localhost:38123 body=SELECT count() FROM lakehouse.otel_traces WHERE Timestamp>=fromUnixTimestamp(1789167578) AND Timestamp<fromUnixTimestamp(1789253978) AND SpanName='HTTP GET /api/v1/users'
    traces/span_name/24h/lat0          clickhouse       p95=118.1 ms valid=20/20
[1;36m[bench][0m req traces/slow_spans victoriatraces POST http://localhost:30401/select/logsql/query?start=1789167582949292032&end=1789253982949292032 body=trace_id:* duration:>50000000 | stats count() as n
    traces/slow_spans/24h/lat0         victoriatraces   p95=3.9 ms valid=20/20
[1;36m[bench][0m req traces/slow_spans lakehouse POST http://localhost:30428/select/logsql/query?start=1789167582949292032&end=1789253982949292032 body=trace_id:* duration:>50000000 | stats count() as n
    traces/slow_spans/24h/lat0         lakehouse        p95=12.1 ms valid=20/20
[1;36m[bench][0m req traces/slow_spans clickhouse CH http://localhost:38123 body=SELECT count() FROM lakehouse.otel_traces WHERE Timestamp>=fromUnixTimestamp(1789167582) AND Timestamp<fromUnixTimestamp(1789253982) AND Duration>50000000
    traces/slow_spans/24h/lat0         clickhouse       p95=109.5 ms valid=20/20
[1;36m[bench][0m req traces/scan victoriatraces POST http://localhost:30401/select/logsql/query?start=1789167587156653056&end=1789253987156653056 body=trace_id:* | fields trace_id, span_id, name, `resource_attr:service.name`, duration | limit 1000
    traces/scan/24h/lat0               victoriatraces   p95=4.7 ms valid=20/20
[1;36m[bench][0m req traces/scan lakehouse POST http://localhost:30428/select/logsql/query?start=1789167587156653056&end=1789253987156653056 body=trace_id:* | fields trace_id, span_id, name, `resource_attr:service.name`, duration | limit 1000
    traces/scan/24h/lat0               lakehouse        p95=11.8 ms valid=20/20
[1;36m[bench][0m req traces/scan clickhouse CH http://localhost:38123 body=SELECT TraceId AS trace_id, SpanId AS span_id, SpanName, ServiceName, Duration FROM lakehouse.otel_traces WHERE Timestamp>=fromUnixTimestamp(1789167587) AND Timestamp<fromUnixTimestamp(1789253987) LIMIT 1000 FORMAT JSONEachRow
    traces/scan/24h/lat0               clickhouse       p95=101.6 ms valid=20/20
[1;36m[bench][0m S3 latency: 100ms
[1;36m[bench][0m parity gate (logs, 24h): count_total across systems…
[1;36m[bench][0m req logs/count_total victorialogs POST http://localhost:39401/select/logsql/query?start=1789167593402745088&end=1789253993402745088 body=* | stats count() n
    victorialogs     count=14108
[1;36m[bench][0m parity gate (logs): baseline (victorialogs) = 14108
[1;36m[bench][0m req logs/count_total lakehouse POST http://localhost:39428/select/logsql/query?start=1789167593402745088&end=1789253993402745088 body=* | stats count() n
    lakehouse        count=14108
[1;36m[bench][0m req logs/count_total clickhouse CH http://localhost:38123 body=SELECT count() FROM lakehouse.otel_logs WHERE Timestamp>=fromUnixTimestamp(1789167593) AND Timestamp<fromUnixTimestamp(1789253993)
    clickhouse       count=14108
[1;36m[bench][0m req logs/count_total victorialogs POST http://localhost:39401/select/logsql/query?start=1789250393600955904&end=1789253993600955904 body=* | stats count() n
    logs/count_total/1h/lat100         victorialogs     p95=3.9 ms valid=20/20
[1;36m[bench][0m req logs/count_total lakehouse POST http://localhost:39428/select/logsql/query?start=1789250393600955904&end=1789253993600955904 body=* | stats count() n
    logs/count_total/1h/lat100         lakehouse        p95=4.6 ms valid=20/20
[1;36m[bench][0m req logs/count_total clickhouse CH http://localhost:38123 body=SELECT count() FROM lakehouse.otel_logs WHERE Timestamp>=fromUnixTimestamp(1789250393) AND Timestamp<fromUnixTimestamp(1789253993)
    logs/count_total/1h/lat100         clickhouse       p95=79.3 ms valid=20/20
[1;36m[bench][0m req logs/count_by_service victorialogs POST http://localhost:39401/select/logsql/query?start=1789250397179494912&end=1789253997179494912 body=* | stats by (service.name) count()
    logs/count_by_service/1h/lat100    victorialogs     p95=8.6 ms valid=20/20
[1;36m[bench][0m req logs/count_by_service lakehouse POST http://localhost:39428/select/logsql/query?start=1789250397179494912&end=1789253997179494912 body=* | stats by (service.name) count()
    logs/count_by_service/1h/lat100    lakehouse        p95=3.9 ms valid=20/20
[1;36m[bench][0m req logs/count_by_service clickhouse CH http://localhost:38123 body=SELECT ServiceName,count() FROM lakehouse.otel_logs WHERE Timestamp>=fromUnixTimestamp(1789250397) AND Timestamp<fromUnixTimestamp(1789253997) GROUP BY ServiceName
    logs/count_by_service/1h/lat100    clickhouse       p95=83.8 ms valid=20/20
[1;36m[bench][0m req logs/fulltext victorialogs POST http://localhost:39401/select/logsql/query?start=1789250401301110016&end=1789254001301110016 body=error | stats count() n
    logs/fulltext/1h/lat100            victorialogs     p95=4.9 ms valid=20/20
[1;36m[bench][0m req logs/fulltext lakehouse POST http://localhost:39428/select/logsql/query?start=1789250401301110016&end=1789254001301110016 body=error | stats count() n
    logs/fulltext/1h/lat100            lakehouse        p95=6.5 ms valid=20/20
[1;36m[bench][0m req logs/fulltext clickhouse CH http://localhost:38123 body=SELECT count() FROM lakehouse.otel_logs WHERE Timestamp>=fromUnixTimestamp(1789250401) AND Timestamp<fromUnixTimestamp(1789254001) AND position(Body,'error')>0
    logs/fulltext/1h/lat100            clickhouse       p95=86.4 ms valid=20/20
[1;36m[bench][0m req logs/level_filter victorialogs POST http://localhost:39401/select/logsql/query?start=1789250404930029056&end=1789254004930029056 body=level:ERROR | stats count() n
    logs/level_filter/1h/lat100        victorialogs     p95=8.2 ms valid=20/20
[1;36m[bench][0m req logs/level_filter lakehouse POST http://localhost:39428/select/logsql/query?start=1789250404930029056&end=1789254004930029056 body=level:ERROR | stats count() n
    logs/level_filter/1h/lat100        lakehouse        p95=6.1 ms valid=20/20
[1;36m[bench][0m req logs/level_filter clickhouse CH http://localhost:38123 body=SELECT count() FROM lakehouse.otel_logs WHERE Timestamp>=fromUnixTimestamp(1789250404) AND Timestamp<fromUnixTimestamp(1789254004) AND SeverityText='ERROR'
    logs/level_filter/1h/lat100        clickhouse       p95=79.4 ms valid=20/20
[1;36m[bench][0m req logs/multi_filter victorialogs POST http://localhost:39401/select/logsql/query?start=1789250408579412992&end=1789254008579412992 body=level:ERROR service.name:="api-gateway" | stats count() n
    logs/multi_filter/1h/lat100        victorialogs     p95=6.4 ms valid=20/20
[1;36m[bench][0m req logs/multi_filter lakehouse POST http://localhost:39428/select/logsql/query?start=1789250408579412992&end=1789254008579412992 body=level:ERROR service.name:="api-gateway" | stats count() n
    logs/multi_filter/1h/lat100        lakehouse        p95=8.3 ms valid=20/20
[1;36m[bench][0m req logs/multi_filter clickhouse CH http://localhost:38123 body=SELECT count() FROM lakehouse.otel_logs WHERE Timestamp>=fromUnixTimestamp(1789250408) AND Timestamp<fromUnixTimestamp(1789254008) AND SeverityText='ERROR' AND ServiceName='api-gateway'
    logs/multi_filter/1h/lat100        clickhouse       p95=78.1 ms valid=20/20
[1;36m[bench][0m req logs/negation victorialogs POST http://localhost:39401/select/logsql/query?start=1789250412218032128&end=1789254012218032128 body=-level:INFO | stats count() n
    logs/negation/1h/lat100            victorialogs     p95=5.1 ms valid=20/20
[1;36m[bench][0m req logs/negation lakehouse POST http://localhost:39428/select/logsql/query?start=1789250412218032128&end=1789254012218032128 body=-level:INFO | stats count() n
    logs/negation/1h/lat100            lakehouse        p95=6.4 ms valid=20/20
[1;36m[bench][0m req logs/negation clickhouse CH http://localhost:38123 body=SELECT count() FROM lakehouse.otel_logs WHERE Timestamp>=fromUnixTimestamp(1789250412) AND Timestamp<fromUnixTimestamp(1789254012) AND SeverityText!='INFO'
    logs/negation/1h/lat100            clickhouse       p95=85.2 ms valid=20/20
[1;36m[bench][0m req logs/trace_lookup victorialogs POST http://localhost:39401/select/logsql/query?start=1789250416137415936&end=1789254016137415936 body=trace_id:=d6915bf7bd9a5643dc3d08321af2dd11 | stats count() n
    logs/trace_lookup/1h/lat100        victorialogs     p95=3.8 ms valid=20/20
[1;36m[bench][0m req logs/trace_lookup lakehouse POST http://localhost:39428/select/logsql/query?start=1789250416137415936&end=1789254016137415936 body=trace_id:=d6915bf7bd9a5643dc3d08321af2dd11 | stats count() n
    logs/trace_lookup/1h/lat100        lakehouse        p95=6.1 ms valid=20/20
[1;36m[bench][0m req logs/trace_lookup clickhouse CH http://localhost:38123 body=SELECT count() FROM lakehouse.otel_logs WHERE Timestamp>=fromUnixTimestamp(1789250416) AND Timestamp<fromUnixTimestamp(1789254016) AND TraceId='d6915bf7bd9a5643dc3d08321af2dd11'
    logs/trace_lookup/1h/lat100        clickhouse       p95=81.0 ms valid=20/20
[1;36m[bench][0m req logs/high_card victorialogs POST http://localhost:39401/select/logsql/query?start=1789250419755420928&end=1789254019755420928 body=* | stats by (trace_id) count()
    logs/high_card/1h/lat100           victorialogs     p95=9.3 ms valid=20/20
[1;36m[bench][0m req logs/high_card lakehouse POST http://localhost:39428/select/logsql/query?start=1789250419755420928&end=1789254019755420928 body=* | stats by (trace_id) count()
    logs/high_card/1h/lat100           lakehouse        p95=7.9 ms valid=20/20
[1;36m[bench][0m req logs/high_card clickhouse CH http://localhost:38123 body=SELECT TraceId,count() FROM lakehouse.otel_logs WHERE Timestamp>=fromUnixTimestamp(1789250419) AND Timestamp<fromUnixTimestamp(1789254019) GROUP BY TraceId
    logs/high_card/1h/lat100           clickhouse       p95=93.4 ms valid=20/20
[1;36m[bench][0m req logs/scan victorialogs POST http://localhost:39401/select/logsql/query?start=1789250423958129920&end=1789254023958129920 body=* | fields _msg, service.name | limit 1000
    logs/scan/1h/lat100                victorialogs     p95=3.8 ms valid=20/20
[1;36m[bench][0m req logs/scan lakehouse POST http://localhost:39428/select/logsql/query?start=1789250423958129920&end=1789254023958129920 body=* | fields _msg, service.name | limit 1000
    logs/scan/1h/lat100                lakehouse        p95=6.6 ms valid=20/20
[1;36m[bench][0m req logs/scan clickhouse CH http://localhost:38123 body=SELECT Body AS _msg, ServiceName FROM lakehouse.otel_logs WHERE Timestamp>=fromUnixTimestamp(1789250423) AND Timestamp<fromUnixTimestamp(1789254023) LIMIT 1000 FORMAT JSONEachRow
    logs/scan/1h/lat100                clickhouse       p95=108.9 ms valid=20/20
[1;36m[bench][0m req logs/count_total victorialogs POST http://localhost:39401/select/logsql/query?start=1789167628569643008&end=1789254028569643008 body=* | stats count() n
    logs/count_total/24h/lat100        victorialogs     p95=5.3 ms valid=20/20
[1;36m[bench][0m req logs/count_total lakehouse POST http://localhost:39428/select/logsql/query?start=1789167628569643008&end=1789254028569643008 body=* | stats count() n
    logs/count_total/24h/lat100        lakehouse        p95=15.7 ms valid=20/20
[1;36m[bench][0m req logs/count_total clickhouse CH http://localhost:38123 body=SELECT count() FROM lakehouse.otel_logs WHERE Timestamp>=fromUnixTimestamp(1789167628) AND Timestamp<fromUnixTimestamp(1789254028)
    logs/count_total/24h/lat100        clickhouse       p95=83.9 ms valid=20/20
[1;36m[bench][0m req logs/count_by_service victorialogs POST http://localhost:39401/select/logsql/query?start=1789167632440316928&end=1789254032440316928 body=* | stats by (service.name) count()
    logs/count_by_service/24h/lat100   victorialogs     p95=6.5 ms valid=20/20
[1;36m[bench][0m req logs/count_by_service lakehouse POST http://localhost:39428/select/logsql/query?start=1789167632440316928&end=1789254032440316928 body=* | stats by (service.name) count()
    logs/count_by_service/24h/lat100   lakehouse        p95=10.1 ms valid=20/20
[1;36m[bench][0m req logs/count_by_service clickhouse CH http://localhost:38123 body=SELECT ServiceName,count() FROM lakehouse.otel_logs WHERE Timestamp>=fromUnixTimestamp(1789167632) AND Timestamp<fromUnixTimestamp(1789254032) GROUP BY ServiceName
    logs/count_by_service/24h/lat100   clickhouse       p95=80.4 ms valid=20/20
[1;36m[bench][0m req logs/fulltext victorialogs POST http://localhost:39401/select/logsql/query?start=1789167636611708928&end=1789254036611708928 body=error | stats count() n
    logs/fulltext/24h/lat100           victorialogs     p95=8.8 ms valid=20/20
[1;36m[bench][0m req logs/fulltext lakehouse POST http://localhost:39428/select/logsql/query?start=1789167636611708928&end=1789254036611708928 body=error | stats count() n
    logs/fulltext/24h/lat100           lakehouse        p95=22.4 ms valid=20/20
[1;36m[bench][0m req logs/fulltext clickhouse CH http://localhost:38123 body=SELECT count() FROM lakehouse.otel_logs WHERE Timestamp>=fromUnixTimestamp(1789167636) AND Timestamp<fromUnixTimestamp(1789254036) AND position(Body,'error')>0
    logs/fulltext/24h/lat100           clickhouse       p95=80.8 ms valid=20/20
[1;36m[bench][0m req logs/level_filter victorialogs POST http://localhost:39401/select/logsql/query?start=1789167640704194048&end=1789254040704194048 body=level:ERROR | stats count() n
    logs/level_filter/24h/lat100       victorialogs     p95=6.4 ms valid=20/20
[1;36m[bench][0m req logs/level_filter lakehouse POST http://localhost:39428/select/logsql/query?start=1789167640704194048&end=1789254040704194048 body=level:ERROR | stats count() n
    logs/level_filter/24h/lat100       lakehouse        p95=20.4 ms valid=20/20
[1;36m[bench][0m req logs/level_filter clickhouse CH http://localhost:38123 body=SELECT count() FROM lakehouse.otel_logs WHERE Timestamp>=fromUnixTimestamp(1789167640) AND Timestamp<fromUnixTimestamp(1789254040) AND SeverityText='ERROR'
    logs/level_filter/24h/lat100       clickhouse       p95=111.9 ms valid=20/20
[1;36m[bench][0m req logs/multi_filter victorialogs POST http://localhost:39401/select/logsql/query?start=1789167644972180992&end=1789254044972180992 body=level:ERROR service.name:="api-gateway" | stats count() n
    logs/multi_filter/24h/lat100       victorialogs     p95=5.8 ms valid=20/20
[1;36m[bench][0m req logs/multi_filter lakehouse POST http://localhost:39428/select/logsql/query?start=1789167644972180992&end=1789254044972180992 body=level:ERROR service.name:="api-gateway" | stats count() n
    logs/multi_filter/24h/lat100       lakehouse        p95=29.9 ms valid=20/20
[1;36m[bench][0m req logs/multi_filter clickhouse CH http://localhost:38123 body=SELECT count() FROM lakehouse.otel_logs WHERE Timestamp>=fromUnixTimestamp(1789167644) AND Timestamp<fromUnixTimestamp(1789254044) AND SeverityText='ERROR' AND ServiceName='api-gateway'
    logs/multi_filter/24h/lat100       clickhouse       p95=81.6 ms valid=20/20
[1;36m[bench][0m req logs/negation victorialogs POST http://localhost:39401/select/logsql/query?start=1789167649140348928&end=1789254049140348928 body=-level:INFO | stats count() n
    logs/negation/24h/lat100           victorialogs     p95=6.6 ms valid=20/20
[1;36m[bench][0m req logs/negation lakehouse POST http://localhost:39428/select/logsql/query?start=1789167649140348928&end=1789254049140348928 body=-level:INFO | stats count() n
    logs/negation/24h/lat100           lakehouse        p95=21.9 ms valid=20/20
[1;36m[bench][0m req logs/negation clickhouse CH http://localhost:38123 body=SELECT count() FROM lakehouse.otel_logs WHERE Timestamp>=fromUnixTimestamp(1789167649) AND Timestamp<fromUnixTimestamp(1789254049) AND SeverityText!='INFO'
    logs/negation/24h/lat100           clickhouse       p95=93.8 ms valid=20/20
[1;36m[bench][0m req logs/trace_lookup victorialogs POST http://localhost:39401/select/logsql/query?start=1789167653207117056&end=1789254053207117056 body=trace_id:=d6915bf7bd9a5643dc3d08321af2dd11 | stats count() n
    logs/trace_lookup/24h/lat100       victorialogs     p95=5.0 ms valid=20/20
[1;36m[bench][0m req logs/trace_lookup lakehouse POST http://localhost:39428/select/logsql/query?start=1789167653207117056&end=1789254053207117056 body=trace_id:=d6915bf7bd9a5643dc3d08321af2dd11 | stats count() n
    logs/trace_lookup/24h/lat100       lakehouse        p95=9.8 ms valid=20/20
[1;36m[bench][0m req logs/trace_lookup clickhouse CH http://localhost:38123 body=SELECT count() FROM lakehouse.otel_logs WHERE Timestamp>=fromUnixTimestamp(1789167653) AND Timestamp<fromUnixTimestamp(1789254053) AND TraceId='d6915bf7bd9a5643dc3d08321af2dd11'
    logs/trace_lookup/24h/lat100       clickhouse       p95=76.2 ms valid=20/20
[1;36m[bench][0m req logs/high_card victorialogs POST http://localhost:39401/select/logsql/query?start=1789167656850795008&end=1789254056850795008 body=* | stats by (trace_id) count()
    logs/high_card/24h/lat100          victorialogs     p95=10.9 ms valid=20/20
[1;36m[bench][0m req logs/high_card lakehouse POST http://localhost:39428/select/logsql/query?start=1789167656850795008&end=1789254056850795008 body=* | stats by (trace_id) count()
    logs/high_card/24h/lat100          lakehouse        p95=26.4 ms valid=20/20
[1;36m[bench][0m req logs/high_card clickhouse CH http://localhost:38123 body=SELECT TraceId,count() FROM lakehouse.otel_logs WHERE Timestamp>=fromUnixTimestamp(1789167656) AND Timestamp<fromUnixTimestamp(1789254056) GROUP BY TraceId
    logs/high_card/24h/lat100          clickhouse       p95=91.7 ms valid=20/20
[1;36m[bench][0m req logs/scan victorialogs POST http://localhost:39401/select/logsql/query?start=1789167662076898048&end=1789254062076898048 body=* | fields _msg, service.name | limit 1000
    logs/scan/24h/lat100               victorialogs     p95=9.6 ms valid=20/20
[1;36m[bench][0m req logs/scan lakehouse POST http://localhost:39428/select/logsql/query?start=1789167662076898048&end=1789254062076898048 body=* | fields _msg, service.name | limit 1000
    logs/scan/24h/lat100               lakehouse        p95=24.5 ms valid=20/20
[1;36m[bench][0m req logs/scan clickhouse CH http://localhost:38123 body=SELECT Body AS _msg, ServiceName FROM lakehouse.otel_logs WHERE Timestamp>=fromUnixTimestamp(1789167662) AND Timestamp<fromUnixTimestamp(1789254062) LIMIT 1000 FORMAT JSONEachRow
    logs/scan/24h/lat100               clickhouse       p95=81.2 ms valid=20/20
[1;36m[bench][0m parity gate (traces, 24h): count_total across systems…
[1;36m[bench][0m req traces/count_total victoriatraces POST http://localhost:30401/select/logsql/query?start=1789167668672787968&end=1789254068672787968 body=trace_id:* | stats count() n
    victoriatraces   count=16646
[1;36m[bench][0m parity gate (traces): baseline (victoriatraces) = 16646
[1;36m[bench][0m req traces/count_total lakehouse POST http://localhost:30428/select/logsql/query?start=1789167668672787968&end=1789254068672787968 body=trace_id:* | stats count() n
    lakehouse        count=16646
[1;36m[bench][0m req traces/count_total clickhouse CH http://localhost:38123 body=SELECT count() FROM lakehouse.otel_traces WHERE Timestamp>=fromUnixTimestamp(1789167668) AND Timestamp<fromUnixTimestamp(1789254068)
    clickhouse       count=16646
[1;36m[bench][0m req traces/count_total victoriatraces POST http://localhost:30401/select/logsql/query?start=1789250468868508928&end=1789254068868508928 body=trace_id:* | stats count() n
    traces/count_total/1h/lat100       victoriatraces   p95=4.0 ms valid=20/20
[1;36m[bench][0m req traces/count_total lakehouse POST http://localhost:30428/select/logsql/query?start=1789250468868508928&end=1789254068868508928 body=trace_id:* | stats count() n
    traces/count_total/1h/lat100       lakehouse        p95=7.9 ms valid=20/20
[1;36m[bench][0m req traces/count_total clickhouse CH http://localhost:38123 body=SELECT count() FROM lakehouse.otel_traces WHERE Timestamp>=fromUnixTimestamp(1789250468) AND Timestamp<fromUnixTimestamp(1789254068)
    traces/count_total/1h/lat100       clickhouse       p95=89.3 ms valid=20/20
[1;36m[bench][0m req traces/count_by_service victoriatraces POST http://localhost:30401/select/logsql/query?start=1789250472712017920&end=1789254072712017920 body=trace_id:* | stats by (`resource_attr:service.name`) count() as n
    traces/count_by_service/1h/lat100  victoriatraces   p95=3.2 ms valid=20/20
[1;36m[bench][0m req traces/count_by_service lakehouse POST http://localhost:30428/select/logsql/query?start=1789250472712017920&end=1789254072712017920 body=trace_id:* | stats by (`resource_attr:service.name`) count() as n
    traces/count_by_service/1h/lat100  lakehouse        p95=8.2 ms valid=20/20
[1;36m[bench][0m req traces/count_by_service clickhouse CH http://localhost:38123 body=SELECT ServiceName,count() FROM lakehouse.otel_traces WHERE Timestamp>=fromUnixTimestamp(1789250472) AND Timestamp<fromUnixTimestamp(1789254072) GROUP BY ServiceName
    traces/count_by_service/1h/lat100  clickhouse       p95=105.6 ms valid=20/20
[1;36m[bench][0m req traces/service_filter victoriatraces POST http://localhost:30401/select/logsql/query?start=1789250477237417984&end=1789254077237417984 body=`resource_attr:service.name`:="api-gateway" | stats count() as n
    traces/service_filter/1h/lat100    victoriatraces   p95=2.9 ms valid=20/20
[1;36m[bench][0m req traces/service_filter lakehouse POST http://localhost:30428/select/logsql/query?start=1789250477237417984&end=1789254077237417984 body=`resource_attr:service.name`:="api-gateway" | stats count() as n
    traces/service_filter/1h/lat100    lakehouse        p95=4.5 ms valid=20/20
[1;36m[bench][0m req traces/service_filter clickhouse CH http://localhost:38123 body=SELECT count() FROM lakehouse.otel_traces WHERE Timestamp>=fromUnixTimestamp(1789250477) AND Timestamp<fromUnixTimestamp(1789254077) AND ServiceName='api-gateway'
    traces/service_filter/1h/lat100    clickhouse       p95=101.7 ms valid=20/20
[1;36m[bench][0m req traces/trace_by_id victoriatraces POST http://localhost:30401/select/logsql/query?start=1789250481052576000&end=1789254081052576000 body=trace_id:=d6915bf7bd9a5643dc3d08321af2dd11 | stats count() n
    traces/trace_by_id/1h/lat100       victoriatraces   p95=3.3 ms valid=20/20
[1;36m[bench][0m req traces/trace_by_id lakehouse POST http://localhost:30428/select/logsql/query?start=1789250481052576000&end=1789254081052576000 body=trace_id:=d6915bf7bd9a5643dc3d08321af2dd11 | stats count() n
    traces/trace_by_id/1h/lat100       lakehouse        p95=4.8 ms valid=20/20
[1;36m[bench][0m req traces/trace_by_id clickhouse CH http://localhost:38123 body=SELECT count() FROM lakehouse.otel_traces WHERE Timestamp>=fromUnixTimestamp(1789250481) AND Timestamp<fromUnixTimestamp(1789254081) AND TraceId='d6915bf7bd9a5643dc3d08321af2dd11'
    traces/trace_by_id/1h/lat100       clickhouse       p95=102.5 ms valid=20/20
[1;36m[bench][0m req traces/span_name victoriatraces POST http://localhost:30401/select/logsql/query?start=1789250484831326976&end=1789254084831326976 body=name:="HTTP GET /api/v1/users" | stats count() as n
    traces/span_name/1h/lat100         victoriatraces   p95=2.5 ms valid=20/20
[1;36m[bench][0m req traces/span_name lakehouse POST http://localhost:30428/select/logsql/query?start=1789250484831326976&end=1789254084831326976 body=name:="HTTP GET /api/v1/users" | stats count() as n
    traces/span_name/1h/lat100         lakehouse        p95=9.2 ms valid=20/20
[1;36m[bench][0m req traces/span_name clickhouse CH http://localhost:38123 body=SELECT count() FROM lakehouse.otel_traces WHERE Timestamp>=fromUnixTimestamp(1789250484) AND Timestamp<fromUnixTimestamp(1789254084) AND SpanName='HTTP GET /api/v1/users'
    traces/span_name/1h/lat100         clickhouse       p95=121.8 ms valid=20/20
[1;36m[bench][0m req traces/slow_spans victoriatraces POST http://localhost:30401/select/logsql/query?start=1789250488909758976&end=1789254088909758976 body=trace_id:* duration:>50000000 | stats count() as n
    traces/slow_spans/1h/lat100        victoriatraces   p95=5.0 ms valid=20/20
[1;36m[bench][0m req traces/slow_spans lakehouse POST http://localhost:30428/select/logsql/query?start=1789250488909758976&end=1789254088909758976 body=trace_id:* duration:>50000000 | stats count() as n
    traces/slow_spans/1h/lat100        lakehouse        p95=6.1 ms valid=20/20
[1;36m[bench][0m req traces/slow_spans clickhouse CH http://localhost:38123 body=SELECT count() FROM lakehouse.otel_traces WHERE Timestamp>=fromUnixTimestamp(1789250488) AND Timestamp<fromUnixTimestamp(1789254088) AND Duration>50000000
    traces/slow_spans/1h/lat100        clickhouse       p95=99.7 ms valid=20/20
[1;36m[bench][0m req traces/scan victoriatraces POST http://localhost:30401/select/logsql/query?start=1789250492798238976&end=1789254092798238976 body=trace_id:* | fields trace_id, span_id, name, `resource_attr:service.name`, duration | limit 1000
    traces/scan/1h/lat100              victoriatraces   p95=4.7 ms valid=20/20
[1;36m[bench][0m req traces/scan lakehouse POST http://localhost:30428/select/logsql/query?start=1789250492798238976&end=1789254092798238976 body=trace_id:* | fields trace_id, span_id, name, `resource_attr:service.name`, duration | limit 1000
    traces/scan/1h/lat100              lakehouse        p95=6.8 ms valid=20/20
[1;36m[bench][0m req traces/scan clickhouse CH http://localhost:38123 body=SELECT TraceId AS trace_id, SpanId AS span_id, SpanName, ServiceName, Duration FROM lakehouse.otel_traces WHERE Timestamp>=fromUnixTimestamp(1789250492) AND Timestamp<fromUnixTimestamp(1789254092) LIMIT 1000 FORMAT JSONEachRow
    traces/scan/1h/lat100              clickhouse       p95=91.8 ms valid=20/20
[1;36m[bench][0m req traces/count_total victoriatraces POST http://localhost:30401/select/logsql/query?start=1789167697382321920&end=1789254097382321920 body=trace_id:* | stats count() n
    traces/count_total/24h/lat100      victoriatraces   p95=3.7 ms valid=20/20
[1;36m[bench][0m req traces/count_total lakehouse POST http://localhost:30428/select/logsql/query?start=1789167697382321920&end=1789254097382321920 body=trace_id:* | stats count() n
    traces/count_total/24h/lat100      lakehouse        p95=9.8 ms valid=20/20
[1;36m[bench][0m req traces/count_total clickhouse CH http://localhost:38123 body=SELECT count() FROM lakehouse.otel_traces WHERE Timestamp>=fromUnixTimestamp(1789167697) AND Timestamp<fromUnixTimestamp(1789254097)
    traces/count_total/24h/lat100      clickhouse       p95=97.4 ms valid=20/20
[1;36m[bench][0m req traces/count_by_service victoriatraces POST http://localhost:30401/select/logsql/query?start=1789167701324403968&end=1789254101324403968 body=trace_id:* | stats by (`resource_attr:service.name`) count() as n
    traces/count_by_service/24h/lat100 victoriatraces   p95=3.7 ms valid=20/20
[1;36m[bench][0m req traces/count_by_service lakehouse POST http://localhost:30428/select/logsql/query?start=1789167701324403968&end=1789254101324403968 body=trace_id:* | stats by (`resource_attr:service.name`) count() as n
    traces/count_by_service/24h/lat100 lakehouse        p95=13.2 ms valid=20/20
[1;36m[bench][0m req traces/count_by_service clickhouse CH http://localhost:38123 body=SELECT ServiceName,count() FROM lakehouse.otel_traces WHERE Timestamp>=fromUnixTimestamp(1789167701) AND Timestamp<fromUnixTimestamp(1789254101) GROUP BY ServiceName
    traces/count_by_service/24h/lat100 clickhouse       p95=109.2 ms valid=20/20
[1;36m[bench][0m req traces/service_filter victoriatraces POST http://localhost:30401/select/logsql/query?start=1789167705989362944&end=1789254105989362944 body=`resource_attr:service.name`:="api-gateway" | stats count() as n
    traces/service_filter/24h/lat100   victoriatraces   p95=2.5 ms valid=20/20
[1;36m[bench][0m req traces/service_filter lakehouse POST http://localhost:30428/select/logsql/query?start=1789167705989362944&end=1789254105989362944 body=`resource_attr:service.name`:="api-gateway" | stats count() as n
    traces/service_filter/24h/lat100   lakehouse        p95=8.2 ms valid=20/20
[1;36m[bench][0m req traces/service_filter clickhouse CH http://localhost:38123 body=SELECT count() FROM lakehouse.otel_traces WHERE Timestamp>=fromUnixTimestamp(1789167705) AND Timestamp<fromUnixTimestamp(1789254105) AND ServiceName='api-gateway'
    traces/service_filter/24h/lat100   clickhouse       p95=113.1 ms valid=20/20
[1;36m[bench][0m req traces/trace_by_id victoriatraces POST http://localhost:30401/select/logsql/query?start=1789167710080668928&end=1789254110080668928 body=trace_id:=d6915bf7bd9a5643dc3d08321af2dd11 | stats count() n
    traces/trace_by_id/24h/lat100      victoriatraces   p95=2.8 ms valid=20/20
[1;36m[bench][0m req traces/trace_by_id lakehouse POST http://localhost:30428/select/logsql/query?start=1789167710080668928&end=1789254110080668928 body=trace_id:=d6915bf7bd9a5643dc3d08321af2dd11 | stats count() n
    traces/trace_by_id/24h/lat100      lakehouse        p95=5.2 ms valid=20/20
[1;36m[bench][0m req traces/trace_by_id clickhouse CH http://localhost:38123 body=SELECT count() FROM lakehouse.otel_traces WHERE Timestamp>=fromUnixTimestamp(1789167710) AND Timestamp<fromUnixTimestamp(1789254110) AND TraceId='d6915bf7bd9a5643dc3d08321af2dd11'
    traces/trace_by_id/24h/lat100      clickhouse       p95=97.6 ms valid=20/20
[1;36m[bench][0m req traces/span_name victoriatraces POST http://localhost:30401/select/logsql/query?start=1789167713890925056&end=1789254113890925056 body=name:="HTTP GET /api/v1/users" | stats count() as n
    traces/span_name/24h/lat100        victoriatraces   p95=1.8 ms valid=20/20
[1;36m[bench][0m req traces/span_name lakehouse POST http://localhost:30428/select/logsql/query?start=1789167713890925056&end=1789254113890925056 body=name:="HTTP GET /api/v1/users" | stats count() as n
    traces/span_name/24h/lat100        lakehouse        p95=11.4 ms valid=20/20
[1;36m[bench][0m req traces/span_name clickhouse CH http://localhost:38123 body=SELECT count() FROM lakehouse.otel_traces WHERE Timestamp>=fromUnixTimestamp(1789167713) AND Timestamp<fromUnixTimestamp(1789254113) AND SpanName='HTTP GET /api/v1/users'
    traces/span_name/24h/lat100        clickhouse       p95=94.6 ms valid=20/20
[1;36m[bench][0m req traces/slow_spans victoriatraces POST http://localhost:30401/select/logsql/query?start=1789167717920462080&end=1789254117920462080 body=trace_id:* duration:>50000000 | stats count() as n
    traces/slow_spans/24h/lat100       victoriatraces   p95=3.1 ms valid=20/20
[1;36m[bench][0m req traces/slow_spans lakehouse POST http://localhost:30428/select/logsql/query?start=1789167717920462080&end=1789254117920462080 body=trace_id:* duration:>50000000 | stats count() as n
    traces/slow_spans/24h/lat100       lakehouse        p95=11.2 ms valid=20/20
[1;36m[bench][0m req traces/slow_spans clickhouse CH http://localhost:38123 body=SELECT count() FROM lakehouse.otel_traces WHERE Timestamp>=fromUnixTimestamp(1789167717) AND Timestamp<fromUnixTimestamp(1789254117) AND Duration>50000000
    traces/slow_spans/24h/lat100       clickhouse       p95=154.3 ms valid=20/20
[1;36m[bench][0m req traces/scan victoriatraces POST http://localhost:30401/select/logsql/query?start=1789167722173238016&end=1789254122173238016 body=trace_id:* | fields trace_id, span_id, name, `resource_attr:service.name`, duration | limit 1000
    traces/scan/24h/lat100             victoriatraces   p95=4.9 ms valid=20/20
[1;36m[bench][0m req traces/scan lakehouse POST http://localhost:30428/select/logsql/query?start=1789167722173238016&end=1789254122173238016 body=trace_id:* | fields trace_id, span_id, name, `resource_attr:service.name`, duration | limit 1000
    traces/scan/24h/lat100             lakehouse        p95=17.5 ms valid=20/20
[1;36m[bench][0m req traces/scan clickhouse CH http://localhost:38123 body=SELECT TraceId AS trace_id, SpanId AS span_id, SpanName, ServiceName, Duration FROM lakehouse.otel_traces WHERE Timestamp>=fromUnixTimestamp(1789167722) AND Timestamp<fromUnixTimestamp(1789254122) LIMIT 1000 FORMAT JSONEachRow
    traces/scan/24h/lat100             clickhouse       p95=92.5 ms valid=20/20
[1;36m[bench][0m raw results -> bench-results/baseline-2026-09/run-baseline-v3.2.json
[1;36m[bench][0m report -> bench-results/baseline-2026-09/run-baseline-v3.2.md
[1;36m[bench][0m tearing down stack…
